Microchip MPLAB XC8 Compiler V2.10 ()

Linker command line:

-W-3 --edf=C:\Program Files (x86)\Microchip\xc8\v2.10\pic\dat\en_msgs.txt \
  -cs -h+dist/default/debug\Final.X.debug.sym \
  --cmf=dist/default/debug\Final.X.debug.cmf -z -Q18F47K40 \
  -oC:\Users\JOHNNY~1\AppData\Local\Temp\s7ak.2 --defsym=__MPLAB_BUILD=1 \
  -Mdist/default/debug/Final.X.debug.map -E1 -ver=XC8 --acfsm=1493 \
  -ASTACK=0196h-0E87h -pstack=STACK -ACODE=00h-01FFFFh -ACONST=00h-01FFFFh \
  -ASMALLCONST=0F00h-0FFFhx497 -AMEDIUMCONST=0F00h-0FFFFh,010F00h-01FFFFh \
  -ACOMRAM=01h-05Fh -AABS1=00h-0E87h -ABIGRAM=01h-0E87h \
  -ARAM=060h-0FFh,0100h-01FFhx13,0E00h-0E87h -ABANK0=060h-0FFh \
  -ABANK1=0100h-01FFh -ABANK2=0200h-02FFh -ABANK3=0300h-03FFh \
  -ABANK4=0400h-04FFh -ABANK5=0500h-05FFh -ABANK6=0600h-06FFh \
  -ABANK7=0700h-07FFh -ABANK8=0800h-08FFh -ABANK9=0900h-09FFh \
  -ABANK10=0A00h-0AFFh -ABANK11=0B00h-0BFFh -ABANK12=0C00h-0CFFh \
  -ABANK13=0D00h-0DFFh -ABANK14=0E00h-0E87h \
  -ASFR=0E8Dh-0EFFh,0F00h-0F5Fh,0F60h-0FFFh \
  -preset_vec=00h,intcode=08h,intcodelo,powerup,init -pramtop=0F00h \
  -psmallconst=SMALLCONST -pmediumconst=MEDIUMCONST -pconst=CONST \
  -AFARRAM=00h-00h -ACONFIG=0300000h-030000Bh -pconfig=CONFIG \
  -AIDLOC=0200000h-020000Fh -pidloc=IDLOC -AEEDATA=0310000h-03103FFh \
  -peeprom_data=EEDATA \
  -prdata=COMRAM,nvrram=COMRAM,nvbit=COMRAM,rbss=COMRAM,rbit=COMRAM \
  -pfarbss=FARRAM,fardata=FARRAM,nvFARRAM=FARRAM \
  -pintsave_regs=BIGRAM,bigbss=BIGRAM,bigdata=BIGRAM -pbss=RAM \
  -pidata=CODE,irdata=CODE,ibigdata=CODE,ifardata=CODE -prparam=COMRAM \
  C:\Users\JOHNNY~1\AppData\Local\Temp\s7ak.o \
  dist/default/debug\Final.X.debug.o 

Object code version is 3.11

Machine type is 18F47K40

Call graph: (short form)




                Name                               Link     Load   Length Selector   Space Scale
C:\Users\JOHNNY~1\AppData\Local\Temp\s7ak.o
                init                                 D6       D6        4        4       0
                reset_vec                             0        0        4        0       0
                idloc                            200000   200000       10   200000       0
                config                           300000   300000        C   300000       0
dist/default/debug\Final.X.debug.o
                intcode                               8        8       CE        4       0
                temp                                 5D       5D        1        1       1
                smallconst                          F00      F00       10      780       0
                text44                             300E     300E       A4      788       0
                text43                             3572     3572       44      788       0
                text42                             37E4     37E4        A      788       0
                text41                             3634     3634       3E      788       0
                text40                             26D8     26D8      148      788       0
                text39                             3738     3738       22      788       0
                text38                             37BA     37BA       20      788       0
                text37                             3716     3716       22      788       0
                text36                             36F4     36F4       22      788       0
                text35                             379A     379A       20      788       0
                text34                             36D2     36D2       22      788       0
                text33                             37DA     37DA        A      788       0
                text32                             36A8     36A8       2A      788       0
                text31                             2EA4     2EA4       BA      788       0
                text30                             2DEA     2DEA       BA      788       0
                text29                             377A     377A       20      788       0
                text28                             2C64     2C64       C4      788       0
                text27                             3148     3148       80      788       0
                text26                             2BA0     2BA0       C4      788       0
                text25                             2F5E     2F5E       B0      788       0
                text24                             329C     329C       6A      788       0
                text23                             3484     3484       58      788       0
                text22                             342C     342C       58      788       0
                text21                             3232     3232       6A      788       0
                text20                             33D4     33D4       58      788       0
                text19                             31C8     31C8       6A      788       0
                text18                             375A     375A       20      788       0
                text17                             3306     3306       68      788       0
                text16                             23EC     23EC      188      788       0
                text15                             2574     2574      164      788       0
                text14                             35B6     35B6       40      788       0
                text13                             37EE     37EE        2      788       0
                text12                             2AD6     2AD6       CA      788       0
                text11                             352E     352E       44      788       0
                text10                             3672     3672       36      788       0
                text9                              2D28     2D28       C2      788       0
                text8                              1F0E     1F0E      2DE      788       0
                text7                              2820     2820       F6      788       0
                text6                              2916     2916       F0      788       0
                text5                              2A06     2A06       D0      788       0
                text4                              21EC     21EC      200      788       0
                text3                              1B14     1B14      3FA      788       0
                text2                              336E     336E       66      788       0
                text1                              34DC     34DC       52      788       0
                text0                               F10      F10      C04      788       0
                cstackCOMRAM                          1        1       5A        1       1
                cstackBANK0                          60       60       61       60       1
                dataBANK1                           100      100       96      100       1
                bssBANK0                             C1       C1       38       60       1
                bssCOMRAM                            5B       5B        2        1       1
                cinit                              35F6     35F6       3E      788       0
                idataBANK1                         30B2     30B2       96      788       0

TOTAL           Name                               Link     Load   Length     Space
        CLASS   STACK          

        CLASS   CODE           
                intcode                               8        8       CE         0
                init                                 D6       D6        4         0
                reset_vec                             0        0        4         0
                text44                             300E     300E       A4         0
                text43                             3572     3572       44         0
                text42                             37E4     37E4        A         0
                text41                             3634     3634       3E         0
                text40                             26D8     26D8      148         0
                text39                             3738     3738       22         0
                text38                             37BA     37BA       20         0
                text37                             3716     3716       22         0
                text36                             36F4     36F4       22         0
                text35                             379A     379A       20         0
                text34                             36D2     36D2       22         0
                text33                             37DA     37DA        A         0
                text32                             36A8     36A8       2A         0
                text31                             2EA4     2EA4       BA         0
                text30                             2DEA     2DEA       BA         0
                text29                             377A     377A       20         0
                text28                             2C64     2C64       C4         0
                text27                             3148     3148       80         0
                text26                             2BA0     2BA0       C4         0
                text25                             2F5E     2F5E       B0         0
                text24                             329C     329C       6A         0
                text23                             3484     3484       58         0
                text22                             342C     342C       58         0
                text21                             3232     3232       6A         0
                text20                             33D4     33D4       58         0
                text19                             31C8     31C8       6A         0
                text18                             375A     375A       20         0
                text17                             3306     3306       68         0
                text16                             23EC     23EC      188         0
                text15                             2574     2574      164         0
                text14                             35B6     35B6       40         0
                text13                             37EE     37EE        2         0
                text12                             2AD6     2AD6       CA         0
                text11                             352E     352E       44         0
                text10                             3672     3672       36         0
                text9                              2D28     2D28       C2         0
                text8                              1F0E     1F0E      2DE         0
                text7                              2820     2820       F6         0
                text6                              2916     2916       F0         0
                text5                              2A06     2A06       D0         0
                text4                              21EC     21EC      200         0
                text3                              1B14     1B14      3FA         0
                text2                              336E     336E       66         0
                text1                              34DC     34DC       52         0
                text0                               F10      F10      C04         0
                cinit                              35F6     35F6       3E         0
                idataBANK1                         30B2     30B2       96         0

        CLASS   CONST          

        CLASS   SMALLCONST     
                smallconst                          F00      F00       10         0

        CLASS   MEDIUMCONST    

        CLASS   COMRAM         
                temp                                 5D       5D        1         1
                cstackCOMRAM                          1        1       5A         1
                bssCOMRAM                            5B       5B        2         1

        CLASS   ABS1           

        CLASS   BIGRAM         

        CLASS   RAM            

        CLASS   BANK0          
                cstackBANK0                          60       60       61         1
                bssBANK0                             C1       C1       38         1

        CLASS   BANK1          
                dataBANK1                           100      100       96         1

        CLASS   BANK2          

        CLASS   BANK3          

        CLASS   BANK4          

        CLASS   BANK5          

        CLASS   BANK6          

        CLASS   BANK7          

        CLASS   BANK8          

        CLASS   BANK9          

        CLASS   BANK10         

        CLASS   BANK11         

        CLASS   BANK12         

        CLASS   BANK13         

        CLASS   BANK14         

        CLASS   SFR            

        CLASS   FARRAM         

        CLASS   CONFIG         
                config                           300000   300000        C         0

        CLASS   IDLOC          
                idloc                            200000   200000       10         0

        CLASS   EEDATA         



SEGMENTS        Name                           Load    Length   Top    Selector   Space  Class

                reset_vec                      000000  000004  000004         0       0  CODE    
                cstackCOMRAM                   000001  00005D  00005E         1       1  COMRAM  
                intcode                        000008  0000D2  0000DA         4       0  CODE    
                cstackBANK0                    000060  000099  0000F9        60       1  BANK0   
                dataBANK1                      000100  000096  000196       100       1  BANK1   
                smallconst                     000F00  000010  000F10       780       0  SMALLCON
                text0                          000F10  0028E0  0037F0       788       0  CODE    
                idloc                          200000  000010  200010    200000       0  IDLOC   
                config                         300000  00000C  30000C    300000       0  CONFIG  


UNUSED ADDRESS RANGES

        Name                Unused          Largest block    Delta
        BANK0            0000F9-0000FF                7
        BANK1            000196-0001FF               6A
        BANK10           000A00-000AFF              100
        BANK11           000B00-000BFF              100
        BANK12           000C00-000CFF              100
        BANK13           000D00-000DFF              100
        BANK14           000E00-000E87               88
        BANK2            000200-0002FF              100
        BANK3            000300-0003FF              100
        BANK4            000400-0004FF              100
        BANK5            000500-0005FF              100
        BANK6            000600-0006FF              100
        BANK7            000700-0007FF              100
        BANK8            000800-0008FF              100
        BANK9            000900-0009FF              100
        BIGRAM           00005E-00005F                2
                         0000F9-0000FF                7
                         000196-000E87              CF2
        CODE             000004-000007                4
                         0000DA-000EFF              E26
                         0037F0-01FFFF            1C810
        COMRAM           00005E-00005F                2
        CONST            000004-000007                4
                         0000DA-000EFF              E26
                         0037F0-01FFFF            1C810
        EEDATA           310000-3103FF              400
        MEDIUMCONST      0037F0-00FFFF             C810
                         010F00-01FFFF             F100
        RAM              0000F9-0000FF                7
                         000196-000E87              100
        SFR              000E8D-000FFF               73
        SMALLCONST       0037F0-01FFFF              100
        STACK            000196-000E87              CF2

                                  Symbol Table

?___aodiv                cstackCOMRAM 000002
?___aomod                cstackCOMRAM 000002
?___awdiv                cstackCOMRAM 000002
?___awmod                cstackCOMRAM 000002
?___lldiv                cstackCOMRAM 000002
?___lodiv                cstackCOMRAM 000002
?___lomod                cstackCOMRAM 000002
?_abs                    cstackCOMRAM 000014
?_adcNum0                cstackCOMRAM 000002
?_dtoa                   cstackCOMRAM 00001D
?_getr                   cstackCOMRAM 000002
?_pad                    cstackCOMRAM 000012
?_sprintf                cstackBANK0  000072
?_strlen                 cstackCOMRAM 000002
?_strncmp                cstackCOMRAM 000002
?_utoa                   cstackCOMRAM 00001D
?_vfpfcnvrt              cstackCOMRAM 000041
?_vfprintf               cstackCOMRAM 000055
_ADCON0                  (abs)        000F60
_ADCON0bits              (abs)        000F60
_ADPCH                   (abs)        000F5F
_ADRES                   (abs)        000F63
_ANSELA                  (abs)        000F11
_ANSELC                  (abs)        000F21
_CCP1CONbits             (abs)        000FAC
_CCP1IE                  (abs)        007640
_CCP1IF                  (abs)        007680
_CCP1PPS                 (abs)        000EAF
_CCPR1                   (abs)        000FAA
_GIE                     (abs)        007F97
_ISR                     intcode      000008
_LATAbits                (abs)        000F83
_LATBbits                (abs)        000F84
_LATCbits                (abs)        000F85
_PEIE                    (abs)        007F96
_PIR6bits                (abs)        000ED0
_PORTAbits               (abs)        000F8D
_PORTCbits               (abs)        000F8F
_PORTD                   (abs)        000F90
_RB1PPS                  (abs)        000EF0
_RB3PPS                  (abs)        000EF2
_RC3PPS                  (abs)        000EFA
_RC4PPS                  (abs)        000EFB
_SSP1ADD                 (abs)        000F93
_SSP1BUF                 (abs)        000F92
_SSP1CLKPPS              (abs)        000EB7
_SSP1CON1bits            (abs)        000F96
_SSP1CON2bits            (abs)        000F97
_SSP1DATPPS              (abs)        000EB8
_SSP1STATbits            (abs)        000F95
_SSP2BUF                 (abs)        000E92
_SSP2CON1bits            (abs)        000E96
_SSP2STATbits            (abs)        000E95
_T1CKPS0                 (abs)        007E7C
_T1CKPS1                 (abs)        007E7D
_T1CONbits               (abs)        000FCF
_TMR1                    (abs)        000FCD
_TMR1CLKbits             (abs)        000FD2
_TMR1IF                  (abs)        007670
_TMR1ON                  (abs)        007E78
_TRISAbits               (abs)        000F88
_TRISBbits               (abs)        000F89
_TRISCbits               (abs)        000F8A
_TRISDbits               (abs)        000F8B
__CFG_LVP$ON             (abs)        000000
__CFG_WDTE$OFF           (abs)        000000
__HRAM                   (abs)        000000
__Habs1                  abs1         000000
__Hbank0                 bank0        000000
__Hbank1                 bank1        000000
__Hbank10                bank10       000000
__Hbank11                bank11       000000
__Hbank12                bank12       000000
__Hbank13                bank13       000000
__Hbank14                bank14       000000
__Hbank2                 bank2        000000
__Hbank3                 bank3        000000
__Hbank4                 bank4        000000
__Hbank5                 bank5        000000
__Hbank6                 bank6        000000
__Hbank7                 bank7        000000
__Hbank8                 bank8        000000
__Hbank9                 bank9        000000
__Hbigbss                bigbss       000000
__Hbigdata               bigdata      000000
__Hbigram                bigram       000000
__Hbss                   bss          000000
__HbssBANK0              bssBANK0     000000
__HbssCOMRAM             bssCOMRAM    000000
__Hcinit                 cinit        000000
__Hclrtext               clrtext      000000
__Hcomram                comram       000000
__Hconfig                config       30000C
__Hconst                 const        000000
__HcstackBANK0           cstackBANK0  000000
__HcstackCOMRAM          cstackCOMRAM 000000
__Hdata                  data         000000
__HdataBANK1             dataBANK1    000000
__Heeprom_data           eeprom_data  000000
__Hfarbss                farbss       000000
__Hfardata               fardata      000000
__Hibigdata              ibigdata     000000
__Hidata                 idata        000000
__HidataBANK1            idataBANK1   000000
__Hidloc                 idloc        200010
__Hifardata              ifardata     000000
__Hinit                  init         0000DA
__Hintcode               intcode      0000D6
__Hintcode_body          intcode_body 000000
__Hintcodelo             intcodelo    0000D6
__Hintentry              intentry     000000
__Hintret                intret       000000
__Hintsave_regs          intsave_regs 000000
__Hirdata                irdata       000000
__Hmediumconst           mediumconst  000000
__HnvFARRAM              nvFARRAM     000000
__Hnvbit                 nvbit        000000
__Hnvrram                nvrram       000000
__Hparam                 rparam       000000
__Hpowerup               powerup      0000D6
__Hram                   ram          000000
__Hramtop                ramtop       000F00
__Hrbit                  rbit         000000
__Hrbss                  rbss         000000
__Hrdata                 rdata        000000
__Hreset_vec             reset_vec    000004
__Hrparam                rparam       000000
__Hsfr                   sfr          000000
__Hsmallconst            smallconst   000F10
__Hspace_0               (abs)        30000C
__Hspace_1               (abs)        000196
__Hspace_2               (abs)        000000
__Hstack                 stack        000000
__Hstruct                struct       000000
__Htemp                  temp         00005E
__Htext                  text         000000
__Htext0                 text0        000000
__Htext1                 text1        000000
__Htext10                text10       000000
__Htext11                text11       000000
__Htext12                text12       000000
__Htext13                text13       000000
__Htext14                text14       000000
__Htext15                text15       000000
__Htext16                text16       000000
__Htext17                text17       000000
__Htext18                text18       000000
__Htext19                text19       000000
__Htext2                 text2        000000
__Htext20                text20       000000
__Htext21                text21       000000
__Htext22                text22       000000
__Htext23                text23       000000
__Htext24                text24       000000
__Htext25                text25       000000
__Htext26                text26       000000
__Htext27                text27       000000
__Htext28                text28       000000
__Htext29                text29       000000
__Htext3                 text3        000000
__Htext30                text30       000000
__Htext31                text31       000000
__Htext32                text32       000000
__Htext33                text33       000000
__Htext34                text34       000000
__Htext35                text35       000000
__Htext36                text36       000000
__Htext37                text37       000000
__Htext38                text38       000000
__Htext39                text39       000000
__Htext4                 text4        000000
__Htext40                text40       000000
__Htext41                text41       000000
__Htext42                text42       000000
__Htext43                text43       000000
__Htext44                text44       000000
__Htext5                 text5        000000
__Htext6                 text6        000000
__Htext7                 text7        000000
__Htext8                 text8        000000
__Htext9                 text9        000000
__LRAM                   (abs)        000001
__Labs1                  abs1         000000
__Lbank0                 bank0        000000
__Lbank1                 bank1        000000
__Lbank10                bank10       000000
__Lbank11                bank11       000000
__Lbank12                bank12       000000
__Lbank13                bank13       000000
__Lbank14                bank14       000000
__Lbank2                 bank2        000000
__Lbank3                 bank3        000000
__Lbank4                 bank4        000000
__Lbank5                 bank5        000000
__Lbank6                 bank6        000000
__Lbank7                 bank7        000000
__Lbank8                 bank8        000000
__Lbank9                 bank9        000000
__Lbigbss                bigbss       000000
__Lbigdata               bigdata      000000
__Lbigram                bigram       000000
__Lbss                   bss          000000
__LbssBANK0              bssBANK0     000000
__LbssCOMRAM             bssCOMRAM    000000
__Lcinit                 cinit        000000
__Lclrtext               clrtext      000000
__Lcomram                comram       000000
__Lconfig                config       300000
__Lconst                 const        000000
__LcstackBANK0           cstackBANK0  000000
__LcstackCOMRAM          cstackCOMRAM 000000
__Ldata                  data         000000
__LdataBANK1             dataBANK1    000000
__Leeprom_data           eeprom_data  000000
__Lfarbss                farbss       000000
__Lfardata               fardata      000000
__Libigdata              ibigdata     000000
__Lidata                 idata        000000
__LidataBANK1            idataBANK1   000000
__Lidloc                 idloc        200000
__Lifardata              ifardata     000000
__Linit                  init         0000D6
__Lintcode               intcode      000008
__Lintcode_body          intcode_body 000000
__Lintcodelo             intcodelo    0000D6
__Lintentry              intentry     000000
__Lintret                intret       000000
__Lintsave_regs          intsave_regs 000000
__Lirdata                irdata       000000
__Lmediumconst           mediumconst  000000
__LnvFARRAM              nvFARRAM     000000
__Lnvbit                 nvbit        000000
__Lnvrram                nvrram       000000
__Lparam                 rparam       000000
__Lpowerup               powerup      0000D6
__Lram                   ram          000000
__Lramtop                ramtop       000F00
__Lrbit                  rbit         000000
__Lrbss                  rbss         000000
__Lrdata                 rdata        000000
__Lreset_vec             reset_vec    000000
__Lrparam                rparam       000000
__Lsfr                   sfr          000000
__Lsmallconst            smallconst   000F00
__Lspace_0               (abs)        000000
__Lspace_1               (abs)        000000
__Lspace_2               (abs)        000000
__Lstack                 stack        000000
__Lstruct                struct       000000
__Ltemp                  temp         00005D
__Ltext                  text         000000
__Ltext0                 text0        000000
__Ltext1                 text1        000000
__Ltext10                text10       000000
__Ltext11                text11       000000
__Ltext12                text12       000000
__Ltext13                text13       000000
__Ltext14                text14       000000
__Ltext15                text15       000000
__Ltext16                text16       000000
__Ltext17                text17       000000
__Ltext18                text18       000000
__Ltext19                text19       000000
__Ltext2                 text2        000000
__Ltext20                text20       000000
__Ltext21                text21       000000
__Ltext22                text22       000000
__Ltext23                text23       000000
__Ltext24                text24       000000
__Ltext25                text25       000000
__Ltext26                text26       000000
__Ltext27                text27       000000
__Ltext28                text28       000000
__Ltext29                text29       000000
__Ltext3                 text3        000000
__Ltext30                text30       000000
__Ltext31                text31       000000
__Ltext32                text32       000000
__Ltext33                text33       000000
__Ltext34                text34       000000
__Ltext35                text35       000000
__Ltext36                text36       000000
__Ltext37                text37       000000
__Ltext38                text38       000000
__Ltext39                text39       000000
__Ltext4                 text4        000000
__Ltext40                text40       000000
__Ltext41                text41       000000
__Ltext42                text42       000000
__Ltext43                text43       000000
__Ltext44                text44       000000
__Ltext5                 text5        000000
__Ltext6                 text6        000000
__Ltext7                 text7        000000
__Ltext8                 text8        000000
__Ltext9                 text9        000000
__S0                     (abs)        30000C
__S1                     (abs)        000196
__S2                     (abs)        000000
___aodiv                 text16       0023EC
___aodiv@counter         cstackCOMRAM 000012
___aodiv@dividend        cstackCOMRAM 000002
___aodiv@divisor         cstackCOMRAM 00000A
___aodiv@quotient        cstackCOMRAM 000014
___aodiv@sign            cstackCOMRAM 000013
___aomod                 text15       002574
___aomod@counter         cstackCOMRAM 000012
___aomod@dividend        cstackCOMRAM 000002
___aomod@divisor         cstackCOMRAM 00000A
___aomod@sign            cstackCOMRAM 000013
___awdiv                 text26       002BA0
___awdiv@counter         cstackCOMRAM 000006
___awdiv@dividend        cstackCOMRAM 000002
___awdiv@divisor         cstackCOMRAM 000004
___awdiv@quotient        cstackCOMRAM 000008
___awdiv@sign            cstackCOMRAM 000007
___awmod                 text25       002F5E
___awmod@counter         cstackCOMRAM 000006
___awmod@dividend        cstackCOMRAM 000002
___awmod@divisor         cstackCOMRAM 000004
___awmod@sign            cstackCOMRAM 000007
___inthi_sp              stack        000000
___intlo_sp              stack        000000
___lldiv                 text44       00300E
___lldiv@counter         cstackCOMRAM 00000E
___lldiv@dividend        cstackCOMRAM 000002
___lldiv@divisor         cstackCOMRAM 000006
___lldiv@quotient        cstackCOMRAM 00000A
___lodiv                 text6        002916
___lodiv@counter         cstackCOMRAM 00001A
___lodiv@dividend        cstackCOMRAM 000002
___lodiv@divisor         cstackCOMRAM 00000A
___lodiv@quotient        cstackCOMRAM 000012
___lomod                 text5        002A06
___lomod@counter         cstackCOMRAM 000012
___lomod@dividend        cstackCOMRAM 000002
___lomod@divisor         cstackCOMRAM 00000A
___param_bank            (abs)        000000
___rparam_used           (abs)        000001
___sp                    stack        000000
__accesstop              (abs)        000060
__activetblptr           (abs)        000003
__end_of_ISR             intcode      0000D6
__end_of___aodiv         text16       002574
__end_of___aomod         text15       0026D8
__end_of___awdiv         text26       002C64
__end_of___awmod         text25       00300E
__end_of___lldiv         text44       0030B2
__end_of___lodiv         text6        002A06
__end_of___lomod         text5        002AD6
__end_of__initialization cinit        00362A
__end_of_abs             text14       0035F6
__end_of_adcNum0         text43       0035B6
__end_of_adc_init        text42       0037EE
__end_of_ccp_init        text41       003672
__end_of_dtoa            text8        0021EC
__end_of_fputc           text12       002BA0
__end_of_fputs           text11       003572
__end_of_get_Ahours      text39       00375A
__end_of_get_Aminutes    text38       0037DA
__end_of_get_Aseconds    text37       003738
__end_of_get_hours       text36       003716
__end_of_get_minutes     text35       0037BA
__end_of_get_seconds     text34       0036F4
__end_of_getr            text33       0037E4
__end_of_i2c_init        text32       0036D2
__end_of_i2c_read        text40       002820
__end_of_i2c_write       text28       002D28
__end_of_lcd_char        text31       002F5E
__end_of_lcd_command     text30       002EA4
__end_of_lcd_init        text29       00379A
__end_of_main            text0        001B14
__end_of_pad             text9        002DEA
__end_of_putch           text13       0037F0
__end_of_rtc_init        text27       0031C8
__end_of_set_Ahours      text24       003306
__end_of_set_Aminutes    text23       0034DC
__end_of_set_Aseconds    text22       003484
__end_of_set_hours       text21       00329C
__end_of_set_minutes     text20       00342C
__end_of_set_seconds     text19       003232
__end_of_spi_init        text18       00377A
__end_of_spi_write       text17       00336E
__end_of_sprintf         text1        00352E
__end_of_strlen          text10       0036A8
__end_of_strncmp         text7        002916
__end_of_utoa            text4        0023EC
__end_of_vfpfcnvrt       text3        001F0E
__end_of_vfprintf        text2        0033D4
__initialization         cinit        0035F6
__mediumconst            mediumconst  000000
__pbssBANK0              bssBANK0     0000C1
__pbssCOMRAM             bssCOMRAM    00005B
__pcinit                 cinit        0035F6
__pcstackBANK0           cstackBANK0  000060
__pcstackCOMRAM          cstackCOMRAM 000001
__pdataBANK1             dataBANK1    000100
__pidataBANK1            idataBANK1   0030B2
__pintcode               intcode      000008
__psmallconst            smallconst   000F00
__ptext0                 text0        000F10
__ptext1                 text1        0034DC
__ptext10                text10       003672
__ptext11                text11       00352E
__ptext12                text12       002AD6
__ptext13                text13       0037EE
__ptext14                text14       0035B6
__ptext15                text15       002574
__ptext16                text16       0023EC
__ptext17                text17       003306
__ptext18                text18       00375A
__ptext19                text19       0031C8
__ptext2                 text2        00336E
__ptext20                text20       0033D4
__ptext21                text21       003232
__ptext22                text22       00342C
__ptext23                text23       003484
__ptext24                text24       00329C
__ptext25                text25       002F5E
__ptext26                text26       002BA0
__ptext27                text27       003148
__ptext28                text28       002C64
__ptext29                text29       00377A
__ptext3                 text3        001B14
__ptext30                text30       002DEA
__ptext31                text31       002EA4
__ptext32                text32       0036A8
__ptext33                text33       0037DA
__ptext34                text34       0036D2
__ptext35                text35       00379A
__ptext36                text36       0036F4
__ptext37                text37       003716
__ptext38                text38       0037BA
__ptext39                text39       003738
__ptext4                 text4        0021EC
__ptext40                text40       0026D8
__ptext41                text41       003634
__ptext42                text42       0037E4
__ptext43                text43       003572
__ptext44                text44       00300E
__ptext5                 text5        002A06
__ptext6                 text6        002916
__ptext7                 text7        002820
__ptext8                 text8        001F0E
__ptext9                 text9        002D28
__ramtop                 ramtop       000F00
__size_of_ISR            (abs)        000000
__size_of___aodiv        (abs)        000000
__size_of___aomod        (abs)        000000
__size_of___awdiv        (abs)        000000
__size_of___awmod        (abs)        000000
__size_of___lldiv        (abs)        000000
__size_of___lodiv        (abs)        000000
__size_of___lomod        (abs)        000000
__size_of_abs            (abs)        000000
__size_of_adcNum0        (abs)        000000
__size_of_adc_init       (abs)        000000
__size_of_ccp_init       (abs)        000000
__size_of_dtoa           (abs)        000000
__size_of_fputc          (abs)        000000
__size_of_fputs          (abs)        000000
__size_of_get_Ahours     (abs)        000000
__size_of_get_Aminutes   (abs)        000000
__size_of_get_Aseconds   (abs)        000000
__size_of_get_hours      (abs)        000000
__size_of_get_minutes    (abs)        000000
__size_of_get_seconds    (abs)        000000
__size_of_getr           (abs)        000000
__size_of_i2c_init       (abs)        000000
__size_of_i2c_read       (abs)        000000
__size_of_i2c_write      (abs)        000000
__size_of_lcd_char       (abs)        000000
__size_of_lcd_command    (abs)        000000
__size_of_lcd_init       (abs)        000000
__size_of_main           (abs)        000000
__size_of_pad            (abs)        000000
__size_of_putch          (abs)        000000
__size_of_rtc_init       (abs)        000000
__size_of_set_Ahours     (abs)        000000
__size_of_set_Aminutes   (abs)        000000
__size_of_set_Aseconds   (abs)        000000
__size_of_set_hours      (abs)        000000
__size_of_set_minutes    (abs)        000000
__size_of_set_seconds    (abs)        000000
__size_of_spi_init       (abs)        000000
__size_of_spi_write      (abs)        000000
__size_of_sprintf        (abs)        000000
__size_of_strlen         (abs)        000000
__size_of_strncmp        (abs)        000000
__size_of_utoa           (abs)        000000
__size_of_vfpfcnvrt      (abs)        000000
__size_of_vfprintf       (abs)        000000
__smallconst             smallconst   000F00
_abs                     text14       0035B6
_adcNum0                 text43       003572
_adc_init                text42       0037E4
_ccp_init                text41       003634
_dbuf                    bssBANK0     0000D9
_dtoa                    text8        001F0E
_dtoa$1701               cstackCOMRAM 00002F
_f                       bssBANK0     0000C9
_f2                      bssBANK0     0000C5
_f3                      bssBANK0     0000C1
_flags                   bssCOMRAM    00005B
_fputc                   text12       002AD6
_fputs                   text11       00352E
_get_Ahours              text39       003738
_get_Aminutes            text38       0037BA
_get_Aseconds            text37       003716
_get_hours               text36       0036F4
_get_minutes             text35       00379A
_get_seconds             text34       0036D2
_getr                    text33       0037DA
_i2c_init                text32       0036A8
_i2c_read                text40       0026D8
_i2c_write               text28       002C64
_lcd_char                text31       002EA4
_lcd_command             text30       002DEA
_lcd_init                text29       00377A
_main                    text0        000F10
_nout                    bssBANK0     0000D1
_pad                     text9        002D28
_prec                    bssBANK0     0000D5
_putch                   text13       0037EE
_r                       bssBANK0     0000D7
_rtc_init                text27       003148
_sawtooth                dataBANK1    000100
_set_Ahours              text24       00329C
_set_Aminutes            text23       003484
_set_Aseconds            text22       00342C
_set_hours               text21       003232
_set_minutes             text20       0033D4
_set_seconds             text19       0031C8
_sin                     dataBANK1    000164
_spi_init                text18       00375A
_spi_write               text17       003306
_sprintf                 text1        0034DC
_strlen                  text10       003672
_strncmp                 text7        002820
_triangle                dataBANK1    000132
_utoa                    text4        0021EC
_value0                  bssBANK0     0000CD
_vfpfcnvrt               text3        001B14
_vfprintf                text2        00336E
_width                   bssBANK0     0000D3
abs@a                    cstackCOMRAM 000014
btemp                    temp         00005D
dtoa@d                   cstackCOMRAM 00001F
dtoa@fp                  cstackCOMRAM 00001D
dtoa@i                   cstackCOMRAM 00003F
dtoa@n                   cstackCOMRAM 000037
dtoa@p                   cstackCOMRAM 000031
dtoa@s                   cstackCOMRAM 000035
dtoa@w                   cstackCOMRAM 000033
end_of_initialization    cinit        00362A
fputc@c                  cstackCOMRAM 000002
fputc@fp                 cstackCOMRAM 000004
fputs@c                  cstackCOMRAM 00000F
fputs@fp                 cstackCOMRAM 00000D
fputs@i                  cstackCOMRAM 000010
fputs@s                  cstackCOMRAM 00000B
get_Ahours@Ahour         cstackCOMRAM 00000A
get_Aminutes@Amin        cstackCOMRAM 00000A
get_Aseconds@Asec        cstackCOMRAM 00000A
get_hours@hour           cstackCOMRAM 00000A
get_minutes@min          cstackCOMRAM 00000A
get_seconds@sec          cstackCOMRAM 00000A
i2c_read@address         cstackCOMRAM 000008
i2c_read@num             cstackCOMRAM 000003
i2c_read@read            cstackCOMRAM 000007
i2c_read@registers       cstackCOMRAM 000002
i2c_write@address        cstackCOMRAM 000004
i2c_write@data           cstackCOMRAM 000003
i2c_write@registers      cstackCOMRAM 000002
int$flags                temp         00005D
intlevel0                text         000000
intlevel1                text         000000
intlevel2                text         000000
intlevel3                text         000000
lcd_char@temp            cstackCOMRAM 000003
lcd_char@x               cstackCOMRAM 000004
lcd_command@temp         cstackCOMRAM 000003
lcd_command@x            cstackCOMRAM 000004
main@AsetNum             cstackBANK0  0000B2
main@alarm               cstackBANK0  0000B4
main@alarmON             cstackBANK0  000096
main@array               cstackBANK0  0000BB
main@array_413           cstackBANK0  0000B6
main@channel             cstackBANK0  00009C
main@check               cstackBANK0  0000A4
main@i                   cstackBANK0  0000A6
main@i_414               cstackBANK0  0000A8
main@num                 cstackBANK0  000086
main@num_412             cstackBANK0  00008A
main@num_420             cstackBANK0  00008E
main@outv                cstackBANK0  0000B8
main@outv_434            cstackBANK0  0000B9
main@outv_437            cstackBANK0  0000BA
main@setNum              cstackBANK0  0000B0
main@temp1               cstackBANK0  0000C0
main@temp1_416           cstackBANK0  0000BF
main@temp2               cstackBANK0  0000BD
main@temp2_417           cstackBANK0  0000BE
main@u24                 cstackBANK0  000092
main@u24_410             cstackBANK0  000094
main@u60                 cstackBANK0  000098
main@u60_411             cstackBANK0  00009A
main@x                   cstackBANK0  0000AA
main@x_433               cstackBANK0  0000AC
main@x_436               cstackBANK0  0000AE
main@y                   cstackBANK0  00009E
main@y_432               cstackBANK0  0000A0
main@y_435               cstackBANK0  0000A2
pad@buf                  cstackCOMRAM 000014
pad@fp                   cstackCOMRAM 000012
pad@i                    cstackCOMRAM 000019
pad@p                    cstackCOMRAM 000016
pad@w                    cstackCOMRAM 00001B
rtc_init@hour            cstackCOMRAM 00000C
rtc_init@i               cstackCOMRAM 000009
rtc_init@sec             cstackCOMRAM 00000B
set_Ahours@Acurr_hour    cstackCOMRAM 00000C
set_Ahours@Ahour         cstackCOMRAM 00000D
set_Aminutes@Amin        cstackCOMRAM 00000C
set_Aseconds@Asec        cstackCOMRAM 00000C
set_hours@curr_hour      cstackCOMRAM 00000C
set_hours@hour           cstackCOMRAM 00000D
set_minutes@min          cstackCOMRAM 00000C
set_seconds@curr_sec     cstackCOMRAM 00000C
set_seconds@sec          cstackCOMRAM 00000D
spi_write@bound          cstackCOMRAM 000005
spi_write@data           cstackCOMRAM 000004
spi_write@full           cstackCOMRAM 000006
sprintf@ap               cstackBANK0  00007A
sprintf@f                cstackBANK0  00007C
sprintf@fmt              cstackBANK0  000074
sprintf@s                cstackBANK0  000072
stackhi                  (abs)        000E87
stacklo                  (abs)        000196
start                    init         0000D6
start_initialization     cinit        0035F6
strlen@a                 cstackCOMRAM 000004
strlen@s                 cstackCOMRAM 000002
strncmp@_l               cstackCOMRAM 000002
strncmp@_r               cstackCOMRAM 000004
strncmp@l                cstackCOMRAM 000009
strncmp@n                cstackCOMRAM 000006
strncmp@r                cstackCOMRAM 00000B
ttemp5                   temp         00005E
ttemp6                   temp         000061
ttemp7                   temp         000065
utoa@d                   cstackCOMRAM 00001F
utoa@fp                  cstackCOMRAM 00001D
utoa@i                   cstackCOMRAM 00003B
utoa@n                   cstackCOMRAM 000033
utoa@p                   cstackCOMRAM 00002F
utoa@w                   cstackCOMRAM 000031
vfpfcnvrt@ap             cstackCOMRAM 000045
vfpfcnvrt@fmt            cstackCOMRAM 000043
vfpfcnvrt@fp             cstackCOMRAM 000041
vfpfcnvrt@ll             cstackBANK0  000060
vfpfcnvrt@llu            cstackBANK0  000068
vfprintf@ap              cstackCOMRAM 000059
vfprintf@cfmt            cstackBANK0  000070
vfprintf@fmt             cstackCOMRAM 000057
vfprintf@fp              cstackCOMRAM 000055
wtemp8                   temp         00005E


FUNCTION INFORMATION:

 *************** function _main *****************
 Defined at:
		line 40 in file "final_main.c"
 Parameters:    Size  Location     Type
		None
 Auto vars:     Size  Location     Type
  outv            1   90[BANK0 ] volatile unsigned char 
  outv            1   89[BANK0 ] volatile unsigned char 
  outv            1   88[BANK0 ] volatile unsigned char 
  x               2   78[BANK0 ] int 
  x               2   76[BANK0 ] int 
  x               2   74[BANK0 ] int 
  y               2   66[BANK0 ] int 
  y               2   64[BANK0 ] int 
  y               2   62[BANK0 ] int 
  i               2   72[BANK0 ] int 
  num             4   42[BANK0 ] unsigned long 
  i               2   70[BANK0 ] int 
  num             4   38[BANK0 ] unsigned long 
  num             4   46[BANK0 ] unsigned long 
  array           2   86[BANK0 ] unsigned char [2]
  u60             2   58[BANK0 ] int 
  u24             2   52[BANK0 ] int 
  temp1           1   95[BANK0 ] unsigned char 
  temp2           1   94[BANK0 ] unsigned char 
  array           2   91[BANK0 ] unsigned char [2]
  u60             2   56[BANK0 ] int 
  u24             2   50[BANK0 ] int 
  temp1           1   96[BANK0 ] unsigned char 
  temp2           1   93[BANK0 ] unsigned char 
  alarm           2   84[BANK0 ] int 
  AsetNum         2   82[BANK0 ] int 
  setNum          2   80[BANK0 ] int 
  check           2   68[BANK0 ] int 
  channel         2   60[BANK0 ] int 
  alarmON         2   54[BANK0 ] int 
 Return value:  Size  Location     Type
                  1    wreg      void 
 Registers used:
		wreg, fsr1l, fsr1h, fsr2l, fsr2h, status,2, status,0, tblptrl, tblptrh, tblptru, prodl, prodh, cstack
 Tracked objects:
		On entry : 
		On exit  : 
		Unchanged: 
 Data sizes:     COMRAM   BANK0   BANK1   BANK2   BANK3   BANK4   BANK5   BANK6   BANK7   BANK8   BANK9  BANK10  BANK11  BANK12  BANK13  BANK14
      Params:         0       0       0       0       0       0       0       0       0       0       0       0       0       0       0       0
      Locals:         0      59       0       0       0       0       0       0       0       0       0       0       0       0       0       0
      Temps:          0       4       0       0       0       0       0       0       0       0       0       0       0       0       0       0
      Totals:         0      63       0       0       0       0       0       0       0       0       0       0       0       0       0       0
Total ram usage:       63 bytes
 Hardware stack levels required when called:    9
 This function calls:
		___lldiv
		_adcNum0
		_adc_init
		_ccp_init
		_get_Ahours
		_get_Aminutes
		_get_Aseconds
		_get_hours
		_get_minutes
		_get_seconds
		_getr
		_i2c_init
		_i2c_read
		_i2c_write
		_lcd_char
		_lcd_command
		_lcd_init
		_rtc_init
		_set_Ahours
		_set_Aminutes
		_set_Aseconds
		_set_hours
		_set_minutes
		_set_seconds
		_spi_init
		_spi_write
		_sprintf
 This function is called by:
		Startup code after reset
 This function uses a non-reentrant model


 *************** function _sprintf *****************
 Defined at:
		line 9 in file "C:\Program Files (x86)\Microchip\xc8\v2.10\pic\sources\c99\common\nf_sprintf.c"
 Parameters:    Size  Location     Type
  s               2   18[BANK0 ] PTR unsigned char 
		 -> main@array_413(2), main@array(2), 
  fmt             2   20[BANK0 ] PTR const unsigned char 
		 -> STR_7(4), STR_6(4), STR_5(4), STR_4(4), 
		 -> STR_3(4), STR_2(4), STR_1(4), 
 Auto vars:     Size  Location     Type
  f               6   28[BANK0 ] struct _IO_FILE
  ap              2   26[BANK0 ] PTR void [1]
		 -> ?_sprintf(2), 
  ret             2    0        int 
 Return value:  Size  Location     Type
                  2   18[BANK0 ] int 
 Registers used:
		wreg, fsr1l, fsr1h, fsr2l, fsr2h, status,2, status,0, tblptrl, tblptrh, tblptru, cstack
 Tracked objects:
		On entry : 
		On exit  : 
		Unchanged: 
 Data sizes:     COMRAM   BANK0   BANK1   BANK2   BANK3   BANK4   BANK5   BANK6   BANK7   BANK8   BANK9  BANK10  BANK11  BANK12  BANK13  BANK14
      Params:         0       6       0       0       0       0       0       0       0       0       0       0       0       0       0       0
      Locals:         0      10       0       0       0       0       0       0       0       0       0       0       0       0       0       0
      Temps:          0       0       0       0       0       0       0       0       0       0       0       0       0       0       0       0
      Totals:         0      16       0       0       0       0       0       0       0       0       0       0       0       0       0       0
Total ram usage:       16 bytes
 Hardware stack levels used:    1
 Hardware stack levels required when called:    8
 This function calls:
		_vfprintf
 This function is called by:
		_main
 This function uses a non-reentrant model


 *************** function _vfprintf *****************
 Defined at:
		line 1368 in file "C:\Program Files (x86)\Microchip\xc8\v2.10\pic\sources\c99\common\doprnt.c"
 Parameters:    Size  Location     Type
  fp              2   84[COMRAM] PTR struct _IO_FILE
		 -> sprintf@f(6), 
  fmt             2   86[COMRAM] PTR const unsigned char 
		 -> STR_7(4), STR_6(4), STR_5(4), STR_4(4), 
		 -> STR_3(4), STR_2(4), STR_1(4), 
  ap              2   88[COMRAM] PTR PTR void 
		 -> sprintf@ap(2), 
 Auto vars:     Size  Location     Type
  cfmt            2   16[BANK0 ] PTR unsigned char 
		 -> STR_7(4), STR_6(4), STR_5(4), STR_4(4), 
		 -> STR_3(4), STR_2(4), STR_1(4), 
 Return value:  Size  Location     Type
                  2   84[COMRAM] int 
 Registers used:
		wreg, fsr1l, fsr1h, fsr2l, fsr2h, status,2, status,0, tblptrl, tblptrh, tblptru, cstack
 Tracked objects:
		On entry : 
		On exit  : 
		Unchanged: 
 Data sizes:     COMRAM   BANK0   BANK1   BANK2   BANK3   BANK4   BANK5   BANK6   BANK7   BANK8   BANK9  BANK10  BANK11  BANK12  BANK13  BANK14
      Params:         6       0       0       0       0       0       0       0       0       0       0       0       0       0       0       0
      Locals:         0       2       0       0       0       0       0       0       0       0       0       0       0       0       0       0
      Temps:          0       0       0       0       0       0       0       0       0       0       0       0       0       0       0       0
      Totals:         6       2       0       0       0       0       0       0       0       0       0       0       0       0       0       0
Total ram usage:        8 bytes
 Hardware stack levels used:    1
 Hardware stack levels required when called:    7
 This function calls:
		_vfpfcnvrt
 This function is called by:
		_sprintf
 This function uses a non-reentrant model


 *************** function _vfpfcnvrt *****************
 Defined at:
		line 670 in file "C:\Program Files (x86)\Microchip\xc8\v2.10\pic\sources\c99\common\doprnt.c"
 Parameters:    Size  Location     Type
  fp              2   64[COMRAM] PTR struct _IO_FILE
		 -> sprintf@f(6), 
  fmt             2   66[COMRAM] PTR PTR unsigned char 
		 -> vfprintf@cfmt(2), 
  ap              2   68[COMRAM] PTR PTR void 
		 -> sprintf@ap(2), 
 Auto vars:     Size  Location     Type
  llu             8    8[BANK0 ] unsigned long long 
  ll              8    0[BANK0 ] long long 
  f               4    0        long long 
  vp              3    0        PTR void 
  ct              3    0        unsigned char [3]
  cp              3    0        PTR unsigned char 
  i               2    0        int 
  done            2    0        int 
  c               1    0        unsigned char 
 Return value:  Size  Location     Type
                  2   64[COMRAM] int 
 Registers used:
		wreg, fsr1l, fsr1h, fsr2l, fsr2h, status,2, status,0, tblptrl, tblptrh, tblptru, cstack
 Tracked objects:
		On entry : 
		On exit  : 
		Unchanged: 
 Data sizes:     COMRAM   BANK0   BANK1   BANK2   BANK3   BANK4   BANK5   BANK6   BANK7   BANK8   BANK9  BANK10  BANK11  BANK12  BANK13  BANK14
      Params:         6       0       0       0       0       0       0       0       0       0       0       0       0       0       0       0
      Locals:         0      16       0       0       0       0       0       0       0       0       0       0       0       0       0       0
      Temps:         14       0       0       0       0       0       0       0       0       0       0       0       0       0       0       0
      Totals:        20      16       0       0       0       0       0       0       0       0       0       0       0       0       0       0
Total ram usage:       36 bytes
 Hardware stack levels used:    1
 Hardware stack levels required when called:    6
 This function calls:
		_dtoa
		_fputc
		_strncmp
		_utoa
 This function is called by:
		_vfprintf
 This function uses a non-reentrant model


 *************** function _utoa *****************
 Defined at:
		line 593 in file "C:\Program Files (x86)\Microchip\xc8\v2.10\pic\sources\c99\common\doprnt.c"
 Parameters:    Size  Location     Type
  fp              2   28[COMRAM] PTR struct _IO_FILE
		 -> sprintf@f(6), 
  d               8   30[COMRAM] unsigned long long 
 Auto vars:     Size  Location     Type
  n               8   50[COMRAM] unsigned long long 
  i               2   58[COMRAM] int 
  w               2   48[COMRAM] int 
  p               2   46[COMRAM] int 
 Return value:  Size  Location     Type
                  2   28[COMRAM] int 
 Registers used:
		wreg, fsr1l, fsr1h, fsr2l, fsr2h, status,2, status,0, cstack
 Tracked objects:
		On entry : 
		On exit  : 
		Unchanged: 
 Data sizes:     COMRAM   BANK0   BANK1   BANK2   BANK3   BANK4   BANK5   BANK6   BANK7   BANK8   BANK9  BANK10  BANK11  BANK12  BANK13  BANK14
      Params:        10       0       0       0       0       0       0       0       0       0       0       0       0       0       0       0
      Locals:        14       0       0       0       0       0       0       0       0       0       0       0       0       0       0       0
      Temps:          8       0       0       0       0       0       0       0       0       0       0       0       0       0       0       0
      Totals:        32       0       0       0       0       0       0       0       0       0       0       0       0       0       0       0
Total ram usage:       32 bytes
 Hardware stack levels used:    1
 Hardware stack levels required when called:    5
 This function calls:
		___lodiv
		___lomod
		_pad
 This function is called by:
		_vfpfcnvrt
 This function uses a non-reentrant model


 *************** function ___lomod *****************
 Defined at:
		line 9 in file "C:\Program Files (x86)\Microchip\xc8\v2.10\pic\sources\c99\common\lomod.c"
 Parameters:    Size  Location     Type
  dividend        8    1[COMRAM] unsigned long long 
  divisor         8    9[COMRAM] unsigned long long 
 Auto vars:     Size  Location     Type
  counter         1   17[COMRAM] unsigned char 
 Return value:  Size  Location     Type
                  8    1[COMRAM] unsigned long long 
 Registers used:
		wreg, status,2, status,0
 Tracked objects:
		On entry : 
		On exit  : 
		Unchanged: 
 Data sizes:     COMRAM   BANK0   BANK1   BANK2   BANK3   BANK4   BANK5   BANK6   BANK7   BANK8   BANK9  BANK10  BANK11  BANK12  BANK13  BANK14
      Params:        16       0       0       0       0       0       0       0       0       0       0       0       0       0       0       0
      Locals:         1       0       0       0       0       0       0       0       0       0       0       0       0       0       0       0
      Temps:          0       0       0       0       0       0       0       0       0       0       0       0       0       0       0       0
      Totals:        17       0       0       0       0       0       0       0       0       0       0       0       0       0       0       0
Total ram usage:       17 bytes
 Hardware stack levels used:    1
 Hardware stack levels required when called:    1
 This function calls:
		Nothing
 This function is called by:
		_utoa
 This function uses a non-reentrant model


 *************** function ___lodiv *****************
 Defined at:
		line 9 in file "C:\Program Files (x86)\Microchip\xc8\v2.10\pic\sources\c99\common\lodiv.c"
 Parameters:    Size  Location     Type
  dividend        8    1[COMRAM] unsigned long long 
  divisor         8    9[COMRAM] unsigned long long 
 Auto vars:     Size  Location     Type
  quotient        8   17[COMRAM] unsigned long long 
  counter         1   25[COMRAM] unsigned char 
 Return value:  Size  Location     Type
                  8    1[COMRAM] unsigned long long 
 Registers used:
		wreg, fsr2l, fsr2h, status,2, status,0
 Tracked objects:
		On entry : 
		On exit  : 
		Unchanged: 
 Data sizes:     COMRAM   BANK0   BANK1   BANK2   BANK3   BANK4   BANK5   BANK6   BANK7   BANK8   BANK9  BANK10  BANK11  BANK12  BANK13  BANK14
      Params:        16       0       0       0       0       0       0       0       0       0       0       0       0       0       0       0
      Locals:         9       0       0       0       0       0       0       0       0       0       0       0       0       0       0       0
      Temps:          0       0       0       0       0       0       0       0       0       0       0       0       0       0       0       0
      Totals:        25       0       0       0       0       0       0       0       0       0       0       0       0       0       0       0
Total ram usage:       25 bytes
 Hardware stack levels used:    1
 Hardware stack levels required when called:    1
 This function calls:
		Nothing
 This function is called by:
		_utoa
 This function uses a non-reentrant model


 *************** function _strncmp *****************
 Defined at:
		line 3 in file "C:\Program Files (x86)\Microchip\xc8\v2.10\pic\sources\c99\common\strncmp.c"
 Parameters:    Size  Location     Type
  _l              2    1[COMRAM] PTR const unsigned char 
		 -> STR_7(4), STR_6(4), STR_5(4), STR_4(4), 
		 -> STR_3(4), STR_2(4), STR_1(4), 
  _r              2    3[COMRAM] PTR const unsigned char 
		 -> STR_19(3), STR_14(3), STR_10(3), 
  n               2    5[COMRAM] unsigned int 
 Auto vars:     Size  Location     Type
  r               2   10[COMRAM] PTR const unsigned char 
		 -> STR_19(3), STR_14(3), STR_10(3), 
  l               2    8[COMRAM] PTR const unsigned char 
		 -> STR_7(4), STR_6(4), STR_5(4), STR_4(4), 
		 -> STR_3(4), STR_2(4), STR_1(4), 
 Return value:  Size  Location     Type
                  2    1[COMRAM] int 
 Registers used:
		wreg, status,2, status,0, tblptrl, tblptrh, tblptru
 Tracked objects:
		On entry : 
		On exit  : 
		Unchanged: 
 Data sizes:     COMRAM   BANK0   BANK1   BANK2   BANK3   BANK4   BANK5   BANK6   BANK7   BANK8   BANK9  BANK10  BANK11  BANK12  BANK13  BANK14
      Params:         6       0       0       0       0       0       0       0       0       0       0       0       0       0       0       0
      Locals:         4       0       0       0       0       0       0       0       0       0       0       0       0       0       0       0
      Temps:          1       0       0       0       0       0       0       0       0       0       0       0       0       0       0       0
      Totals:        11       0       0       0       0       0       0       0       0       0       0       0       0       0       0       0
Total ram usage:       11 bytes
 Hardware stack levels used:    1
 Hardware stack levels required when called:    1
 This function calls:
		Nothing
 This function is called by:
		_vfpfcnvrt
 This function uses a non-reentrant model


 *************** function _dtoa *****************
 Defined at:
		line 274 in file "C:\Program Files (x86)\Microchip\xc8\v2.10\pic\sources\c99\common\doprnt.c"
 Parameters:    Size  Location     Type
  fp              2   28[COMRAM] PTR struct _IO_FILE
		 -> sprintf@f(6), 
  d               8   30[COMRAM] long long 
 Auto vars:     Size  Location     Type
  n               8   54[COMRAM] long long 
  i               2   62[COMRAM] int 
  s               2   52[COMRAM] int 
  w               2   50[COMRAM] int 
  p               2   48[COMRAM] int 
 Return value:  Size  Location     Type
                  2   28[COMRAM] int 
 Registers used:
		wreg, fsr1l, fsr1h, fsr2l, fsr2h, status,2, status,0, cstack
 Tracked objects:
		On entry : 
		On exit  : 
		Unchanged: 
 Data sizes:     COMRAM   BANK0   BANK1   BANK2   BANK3   BANK4   BANK5   BANK6   BANK7   BANK8   BANK9  BANK10  BANK11  BANK12  BANK13  BANK14
      Params:        10       0       0       0       0       0       0       0       0       0       0       0       0       0       0       0
      Locals:        18       0       0       0       0       0       0       0       0       0       0       0       0       0       0       0
      Temps:          8       0       0       0       0       0       0       0       0       0       0       0       0       0       0       0
      Totals:        36       0       0       0       0       0       0       0       0       0       0       0       0       0       0       0
Total ram usage:       36 bytes
 Hardware stack levels used:    1
 Hardware stack levels required when called:    5
 This function calls:
		___aodiv
		___aomod
		_abs
		_pad
 This function is called by:
		_vfpfcnvrt
 This function uses a non-reentrant model


 *************** function _pad *****************
 Defined at:
		line 72 in file "C:\Program Files (x86)\Microchip\xc8\v2.10\pic\sources\c99\common\doprnt.c"
 Parameters:    Size  Location     Type
  fp              2   17[COMRAM] PTR struct _IO_FILE
		 -> sprintf@f(6), 
  buf             2   19[COMRAM] PTR unsigned char 
		 -> dbuf(32), 
  p               2   21[COMRAM] int 
 Auto vars:     Size  Location     Type
  w               2   26[COMRAM] int 
  i               2   24[COMRAM] int 
 Return value:  Size  Location     Type
                  2   17[COMRAM] int 
 Registers used:
		wreg, fsr1l, fsr1h, fsr2l, fsr2h, status,2, status,0, cstack
 Tracked objects:
		On entry : 
		On exit  : 
		Unchanged: 
 Data sizes:     COMRAM   BANK0   BANK1   BANK2   BANK3   BANK4   BANK5   BANK6   BANK7   BANK8   BANK9  BANK10  BANK11  BANK12  BANK13  BANK14
      Params:         6       0       0       0       0       0       0       0       0       0       0       0       0       0       0       0
      Locals:         4       0       0       0       0       0       0       0       0       0       0       0       0       0       0       0
      Temps:          1       0       0       0       0       0       0       0       0       0       0       0       0       0       0       0
      Totals:        11       0       0       0       0       0       0       0       0       0       0       0       0       0       0       0
Total ram usage:       11 bytes
 Hardware stack levels used:    1
 Hardware stack levels required when called:    4
 This function calls:
		_fputc
		_fputs
		_strlen
 This function is called by:
		_dtoa
		_utoa
 This function uses a non-reentrant model


 *************** function _strlen *****************
 Defined at:
		line 5 in file "C:\Program Files (x86)\Microchip\xc8\v2.10\pic\sources\c99\common\strlen.c"
 Parameters:    Size  Location     Type
  s               2    1[COMRAM] PTR const unsigned char 
		 -> dbuf(32), 
 Auto vars:     Size  Location     Type
  a               2    3[COMRAM] PTR const unsigned char 
		 -> dbuf(32), 
 Return value:  Size  Location     Type
                  2    1[COMRAM] unsigned int 
 Registers used:
		wreg, fsr2l, fsr2h, status,2, status,0
 Tracked objects:
		On entry : 
		On exit  : 
		Unchanged: 
 Data sizes:     COMRAM   BANK0   BANK1   BANK2   BANK3   BANK4   BANK5   BANK6   BANK7   BANK8   BANK9  BANK10  BANK11  BANK12  BANK13  BANK14
      Params:         2       0       0       0       0       0       0       0       0       0       0       0       0       0       0       0
      Locals:         2       0       0       0       0       0       0       0       0       0       0       0       0       0       0       0
      Temps:          0       0       0       0       0       0       0       0       0       0       0       0       0       0       0       0
      Totals:         4       0       0       0       0       0       0       0       0       0       0       0       0       0       0       0
Total ram usage:        4 bytes
 Hardware stack levels used:    1
 Hardware stack levels required when called:    1
 This function calls:
		Nothing
 This function is called by:
		_pad
 This function uses a non-reentrant model


 *************** function _fputs *****************
 Defined at:
		line 8 in file "C:\Program Files (x86)\Microchip\xc8\v2.10\pic\sources\c99\common\nf_fputs.c"
 Parameters:    Size  Location     Type
  s               2   10[COMRAM] PTR const unsigned char 
		 -> dbuf(32), 
  fp              2   12[COMRAM] PTR struct _IO_FILE
		 -> sprintf@f(6), 
 Auto vars:     Size  Location     Type
  i               2   15[COMRAM] int 
  c               1   14[COMRAM] unsigned char 
 Return value:  Size  Location     Type
                  2   10[COMRAM] int 
 Registers used:
		wreg, fsr1l, fsr1h, fsr2l, fsr2h, status,2, status,0, cstack
 Tracked objects:
		On entry : 
		On exit  : 
		Unchanged: 
 Data sizes:     COMRAM   BANK0   BANK1   BANK2   BANK3   BANK4   BANK5   BANK6   BANK7   BANK8   BANK9  BANK10  BANK11  BANK12  BANK13  BANK14
      Params:         4       0       0       0       0       0       0       0       0       0       0       0       0       0       0       0
      Locals:         3       0       0       0       0       0       0       0       0       0       0       0       0       0       0       0
      Temps:          0       0       0       0       0       0       0       0       0       0       0       0       0       0       0       0
      Totals:         7       0       0       0       0       0       0       0       0       0       0       0       0       0       0       0
Total ram usage:        7 bytes
 Hardware stack levels used:    1
 Hardware stack levels required when called:    3
 This function calls:
		_fputc
 This function is called by:
		_pad
 This function uses a non-reentrant model


 *************** function _fputc *****************
 Defined at:
		line 8 in file "C:\Program Files (x86)\Microchip\xc8\v2.10\pic\sources\c99\common\nf_fputc.c"
 Parameters:    Size  Location     Type
  c               2    1[COMRAM] int 
  fp              2    3[COMRAM] PTR struct _IO_FILE
		 -> sprintf@f(6), 
 Auto vars:     Size  Location     Type
		None
 Return value:  Size  Location     Type
                  2    1[COMRAM] int 
 Registers used:
		wreg, fsr1l, fsr1h, fsr2l, fsr2h, status,2, status,0, cstack
 Tracked objects:
		On entry : 
		On exit  : 
		Unchanged: 
 Data sizes:     COMRAM   BANK0   BANK1   BANK2   BANK3   BANK4   BANK5   BANK6   BANK7   BANK8   BANK9  BANK10  BANK11  BANK12  BANK13  BANK14
      Params:         4       0       0       0       0       0       0       0       0       0       0       0       0       0       0       0
      Locals:         0       0       0       0       0       0       0       0       0       0       0       0       0       0       0       0
      Temps:          5       0       0       0       0       0       0       0       0       0       0       0       0       0       0       0
      Totals:         9       0       0       0       0       0       0       0       0       0       0       0       0       0       0       0
Total ram usage:        9 bytes
 Hardware stack levels used:    1
 Hardware stack levels required when called:    2
 This function calls:
		_putch
 This function is called by:
		_pad
		_vfpfcnvrt
		_fputs
 This function uses a non-reentrant model


 *************** function _putch *****************
 Defined at:
		line 7 in file "C:\Program Files (x86)\Microchip\xc8\v2.10\pic\sources\c99\common\putch.c"
 Parameters:    Size  Location     Type
  c               1    wreg     unsigned char 
 Auto vars:     Size  Location     Type
  c               1    0[COMRAM] unsigned char 
 Return value:  Size  Location     Type
                  1    wreg      void 
 Registers used:
		wreg
 Tracked objects:
		On entry : 
		On exit  : 
		Unchanged: 
 Data sizes:     COMRAM   BANK0   BANK1   BANK2   BANK3   BANK4   BANK5   BANK6   BANK7   BANK8   BANK9  BANK10  BANK11  BANK12  BANK13  BANK14
      Params:         0       0       0       0       0       0       0       0       0       0       0       0       0       0       0       0
      Locals:         0       0       0       0       0       0       0       0       0       0       0       0       0       0       0       0
      Temps:          0       0       0       0       0       0       0       0       0       0       0       0       0       0       0       0
      Totals:         0       0       0       0       0       0       0       0       0       0       0       0       0       0       0       0
Total ram usage:        0 bytes
 Hardware stack levels used:    1
 Hardware stack levels required when called:    1
 This function calls:
		Nothing
 This function is called by:
		_fputc
 This function uses a non-reentrant model


 *************** function _abs *****************
 Defined at:
		line 1 in file "C:\Program Files (x86)\Microchip\xc8\v2.10\pic\sources\c99\common\abs.c"
 Parameters:    Size  Location     Type
  a               2   19[COMRAM] int 
 Auto vars:     Size  Location     Type
		None
 Return value:  Size  Location     Type
                  2   19[COMRAM] int 
 Registers used:
		wreg, status,2, status,0
 Tracked objects:
		On entry : 
		On exit  : 
		Unchanged: 
 Data sizes:     COMRAM   BANK0   BANK1   BANK2   BANK3   BANK4   BANK5   BANK6   BANK7   BANK8   BANK9  BANK10  BANK11  BANK12  BANK13  BANK14
      Params:         2       0       0       0       0       0       0       0       0       0       0       0       0       0       0       0
      Locals:         0       0       0       0       0       0       0       0       0       0       0       0       0       0       0       0
      Temps:          2       0       0       0       0       0       0       0       0       0       0       0       0       0       0       0
      Totals:         4       0       0       0       0       0       0       0       0       0       0       0       0       0       0       0
Total ram usage:        4 bytes
 Hardware stack levels used:    1
 Hardware stack levels required when called:    1
 This function calls:
		Nothing
 This function is called by:
		_dtoa
 This function uses a non-reentrant model


 *************** function ___aomod *****************
 Defined at:
		line 9 in file "C:\Program Files (x86)\Microchip\xc8\v2.10\pic\sources\c99\common\aomod.c"
 Parameters:    Size  Location     Type
  dividend        8    1[COMRAM] long long 
  divisor         8    9[COMRAM] long long 
 Auto vars:     Size  Location     Type
  sign            1   18[COMRAM] unsigned char 
  counter         1   17[COMRAM] unsigned char 
 Return value:  Size  Location     Type
                  8    1[COMRAM] long long 
 Registers used:
		wreg, status,2, status,0
 Tracked objects:
		On entry : 
		On exit  : 
		Unchanged: 
 Data sizes:     COMRAM   BANK0   BANK1   BANK2   BANK3   BANK4   BANK5   BANK6   BANK7   BANK8   BANK9  BANK10  BANK11  BANK12  BANK13  BANK14
      Params:        16       0       0       0       0       0       0       0       0       0       0       0       0       0       0       0
      Locals:         2       0       0       0       0       0       0       0       0       0       0       0       0       0       0       0
      Temps:          0       0       0       0       0       0       0       0       0       0       0       0       0       0       0       0
      Totals:        18       0       0       0       0       0       0       0       0       0       0       0       0       0       0       0
Total ram usage:       18 bytes
 Hardware stack levels used:    1
 Hardware stack levels required when called:    1
 This function calls:
		Nothing
 This function is called by:
		_dtoa
 This function uses a non-reentrant model


 *************** function ___aodiv *****************
 Defined at:
		line 9 in file "C:\Program Files (x86)\Microchip\xc8\v2.10\pic\sources\c99\common\aodiv.c"
 Parameters:    Size  Location     Type
  dividend        8    1[COMRAM] long long 
  divisor         8    9[COMRAM] long long 
 Auto vars:     Size  Location     Type
  quotient        8   19[COMRAM] long long 
  sign            1   18[COMRAM] unsigned char 
  counter         1   17[COMRAM] unsigned char 
 Return value:  Size  Location     Type
                  8    1[COMRAM] long long 
 Registers used:
		wreg, fsr2l, fsr2h, status,2, status,0
 Tracked objects:
		On entry : 
		On exit  : 
		Unchanged: 
 Data sizes:     COMRAM   BANK0   BANK1   BANK2   BANK3   BANK4   BANK5   BANK6   BANK7   BANK8   BANK9  BANK10  BANK11  BANK12  BANK13  BANK14
      Params:        16       0       0       0       0       0       0       0       0       0       0       0       0       0       0       0
      Locals:        10       0       0       0       0       0       0       0       0       0       0       0       0       0       0       0
      Temps:          0       0       0       0       0       0       0       0       0       0       0       0       0       0       0       0
      Totals:        26       0       0       0       0       0       0       0       0       0       0       0       0       0       0       0
Total ram usage:       26 bytes
 Hardware stack levels used:    1
 Hardware stack levels required when called:    1
 This function calls:
		Nothing
 This function is called by:
		_dtoa
 This function uses a non-reentrant model


 *************** function _spi_write *****************
 Defined at:
		line 33 in file "dac.c"
 Parameters:    Size  Location     Type
  data            1    wreg     unsigned char 
 Auto vars:     Size  Location     Type
  data            1    3[COMRAM] unsigned char 
  full            2    5[COMRAM] unsigned short 
  bound           1    4[COMRAM] unsigned char 
 Return value:  Size  Location     Type
                  1    wreg      void 
 Registers used:
		wreg, status,2, status,0
 Tracked objects:
		On entry : 
		On exit  : 
		Unchanged: 
 Data sizes:     COMRAM   BANK0   BANK1   BANK2   BANK3   BANK4   BANK5   BANK6   BANK7   BANK8   BANK9  BANK10  BANK11  BANK12  BANK13  BANK14
      Params:         0       0       0       0       0       0       0       0       0       0       0       0       0       0       0       0
      Locals:         4       0       0       0       0       0       0       0       0       0       0       0       0       0       0       0
      Temps:          2       0       0       0       0       0       0       0       0       0       0       0       0       0       0       0
      Totals:         6       0       0       0       0       0       0       0       0       0       0       0       0       0       0       0
Total ram usage:        6 bytes
 Hardware stack levels used:    1
 Hardware stack levels required when called:    1
 This function calls:
		Nothing
 This function is called by:
		_main
 This function uses a non-reentrant model


 *************** function _spi_init *****************
 Defined at:
		line 11 in file "dac.c"
 Parameters:    Size  Location     Type
		None
 Auto vars:     Size  Location     Type
		None
 Return value:  Size  Location     Type
                  1    wreg      void 
 Registers used:
		wreg, status,2
 Tracked objects:
		On entry : 
		On exit  : 
		Unchanged: 
 Data sizes:     COMRAM   BANK0   BANK1   BANK2   BANK3   BANK4   BANK5   BANK6   BANK7   BANK8   BANK9  BANK10  BANK11  BANK12  BANK13  BANK14
      Params:         0       0       0       0       0       0       0       0       0       0       0       0       0       0       0       0
      Locals:         0       0       0       0       0       0       0       0       0       0       0       0       0       0       0       0
      Temps:          0       0       0       0       0       0       0       0       0       0       0       0       0       0       0       0
      Totals:         0       0       0       0       0       0       0       0       0       0       0       0       0       0       0       0
Total ram usage:        0 bytes
 Hardware stack levels used:    1
 Hardware stack levels required when called:    1
 This function calls:
		Nothing
 This function is called by:
		_main
 This function uses a non-reentrant model


 *************** function _set_seconds *****************
 Defined at:
		line 47 in file "timer.c"
 Parameters:    Size  Location     Type
  sec             1    wreg     unsigned char 
 Auto vars:     Size  Location     Type
  sec             1   12[COMRAM] unsigned char 
  curr_sec        1   11[COMRAM] unsigned char 
 Return value:  Size  Location     Type
                  1    wreg      void 
 Registers used:
		wreg, status,2, status,0, prodl, prodh, cstack
 Tracked objects:
		On entry : 
		On exit  : 
		Unchanged: 
 Data sizes:     COMRAM   BANK0   BANK1   BANK2   BANK3   BANK4   BANK5   BANK6   BANK7   BANK8   BANK9  BANK10  BANK11  BANK12  BANK13  BANK14
      Params:         0       0       0       0       0       0       0       0       0       0       0       0       0       0       0       0
      Locals:         2       0       0       0       0       0       0       0       0       0       0       0       0       0       0       0
[...]
      Temps:          1       0       0       0       0       0       0       0       0       0       0       0       0       0       0       0
      Totals:         2       0       0       0       0       0       0       0       0       0       0       0       0       0       0       0
Total ram usage:        2 bytes
 Hardware stack levels used:    1
 Hardware stack levels required when called:    2
 This function calls:
		_i2c_read
 This function is called by:
		_main
 This function uses a non-reentrant model


 *************** function _get_hours *****************
 Defined at:
		line 91 in file "timer.c"
 Parameters:    Size  Location     Type
		None
 Auto vars:     Size  Location     Type
  hour            1    9[COMRAM] unsigned char 
 Return value:  Size  Location     Type
                  1    wreg      unsigned char 
 Registers used:
		wreg, status,2, status,0, prodl, prodh, cstack
 Tracked objects:
		On entry : 
		On exit  : 
		Unchanged: 
 Data sizes:     COMRAM   BANK0   BANK1   BANK2   BANK3   BANK4   BANK5   BANK6   BANK7   BANK8   BANK9  BANK10  BANK11  BANK12  BANK13  BANK14
      Params:         0       0       0       0       0       0       0       0       0       0       0       0       0       0       0       0
      Locals:         1       0       0       0       0       0       0       0       0       0       0       0       0       0       0       0
      Temps:          1       0       0       0       0       0       0       0       0       0       0       0       0       0       0       0
      Totals:         2       0       0       0       0       0       0       0       0       0       0       0       0       0       0       0
Total ram usage:        2 bytes
 Hardware stack levels used:    1
 Hardware stack levels required when called:    2
 This function calls:
		_i2c_read
 This function is called by:
		_main
 This function uses a non-reentrant model


 *************** function _get_Aseconds *****************
 Defined at:
		line 213 in file "timer.c"
 Parameters:    Size  Location     Type
		None
 Auto vars:     Size  Location     Type
  Asec            1    9[COMRAM] unsigned char 
 Return value:  Size  Location     Type
                  1    wreg      unsigned char 
 Registers used:
		wreg, status,2, status,0, prodl, prodh, cstack
 Tracked objects:
		On entry : 
		On exit  : 
		Unchanged: 
 Data sizes:     COMRAM   BANK0   BANK1   BANK2   BANK3   BANK4   BANK5   BANK6   BANK7   BANK8   BANK9  BANK10  BANK11  BANK12  BANK13  BANK14
      Params:         0       0       0       0       0       0       0       0       0       0       0       0       0       0       0       0
      Locals:         1       0       0       0       0       0       0       0       0       0       0       0       0       0       0       0
      Temps:          1       0       0       0       0       0       0       0       0       0       0       0       0       0       0       0
      Totals:         2       0       0       0       0       0       0       0       0       0       0       0       0       0       0       0
Total ram usage:        2 bytes
 Hardware stack levels used:    1
 Hardware stack levels required when called:    2
 This function calls:
		_i2c_read
 This function is called by:
		_main
 This function uses a non-reentrant model


 *************** function _get_Aminutes *****************
 Defined at:
		line 237 in file "timer.c"
 Parameters:    Size  Location     Type
		None
 Auto vars:     Size  Location     Type
  Amin            1    9[COMRAM] unsigned char 
 Return value:  Size  Location     Type
                  1    wreg      unsigned char 
 Registers used:
		wreg, status,2, status,0, prodl, prodh, cstack
 Tracked objects:
		On entry : 
		On exit  : 
		Unchanged: 
 Data sizes:     COMRAM   BANK0   BANK1   BANK2   BANK3   BANK4   BANK5   BANK6   BANK7   BANK8   BANK9  BANK10  BANK11  BANK12  BANK13  BANK14
      Params:         0       0       0       0       0       0       0       0       0       0       0       0       0       0       0       0
      Locals:         1       0       0       0       0       0       0       0       0       0       0       0       0       0       0       0
      Temps:          1       0       0       0       0       0       0       0       0       0       0       0       0       0       0       0
      Totals:         2       0       0       0       0       0       0       0       0       0       0       0       0       0       0       0
Total ram usage:        2 bytes
 Hardware stack levels used:    1
 Hardware stack levels required when called:    2
 This function calls:
		_i2c_read
 This function is called by:
		_main
 This function uses a non-reentrant model


 *************** function _get_Ahours *****************
 Defined at:
		line 261 in file "timer.c"
 Parameters:    Size  Location     Type
		None
 Auto vars:     Size  Location     Type
  Ahour           1    9[COMRAM] unsigned char 
 Return value:  Size  Location     Type
                  1    wreg      unsigned char 
 Registers used:
		wreg, status,2, status,0, prodl, prodh, cstack
 Tracked objects:
		On entry : 
		On exit  : 
		Unchanged: 
 Data sizes:     COMRAM   BANK0   BANK1   BANK2   BANK3   BANK4   BANK5   BANK6   BANK7   BANK8   BANK9  BANK10  BANK11  BANK12  BANK13  BANK14
      Params:         0       0       0       0       0       0       0       0       0       0       0       0       0       0       0       0
      Locals:         1       0       0       0       0       0       0       0       0       0       0       0       0       0       0       0
      Temps:          1       0       0       0       0       0       0       0       0       0       0       0       0       0       0       0
      Totals:         2       0       0       0       0       0       0       0       0       0       0       0       0       0       0       0
Total ram usage:        2 bytes
 Hardware stack levels used:    1
 Hardware stack levels required when called:    2
 This function calls:
		_i2c_read
 This function is called by:
		_main
 This function uses a non-reentrant model


 *************** function _i2c_read *****************
 Defined at:
		line 36 in file "../timer.X/i2c.c"
 Parameters:    Size  Location     Type
  address         1    wreg     unsigned char 
  registers       1    1[COMRAM] unsigned char 
 Auto vars:     Size  Location     Type
  address         1    7[COMRAM] unsigned char 
  num             4    2[COMRAM] unsigned long 
  read            1    6[COMRAM] unsigned char 
 Return value:  Size  Location     Type
                  1    wreg      unsigned char 
 Registers used:
		wreg, status,2, status,0
 Tracked objects:
		On entry : 
		On exit  : 
		Unchanged: 
 Data sizes:     COMRAM   BANK0   BANK1   BANK2   BANK3   BANK4   BANK5   BANK6   BANK7   BANK8   BANK9  BANK10  BANK11  BANK12  BANK13  BANK14
      Params:         1       0       0       0       0       0       0       0       0       0       0       0       0       0       0       0
      Locals:         6       0       0       0       0       0       0       0       0       0       0       0       0       0       0       0
      Temps:          0       0       0       0       0       0       0       0       0       0       0       0       0       0       0       0
      Totals:         7       0       0       0       0       0       0       0       0       0       0       0       0       0       0       0
Total ram usage:        7 bytes
 Hardware stack levels used:    1
 Hardware stack levels required when called:    1
 This function calls:
		Nothing
 This function is called by:
		_main
		_rtc_init
		_get_seconds
		_set_seconds
		_get_minutes
		_get_hours
		_set_hours
		_get_Aseconds
		_get_Aminutes
		_get_Ahours
		_set_Ahours
		_get_dayname
		_get_months
		_get_days
		_get_years
 This function uses a non-reentrant model


 *************** function _ccp_init *****************
 Defined at:
		line 16 in file "ccp.c"
 Parameters:    Size  Location     Type
		None
 Auto vars:     Size  Location     Type
		None
 Return value:  Size  Location     Type
                  1    wreg      void 
 Registers used:
		wreg, status,2
 Tracked objects:
		On entry : 
		On exit  : 
		Unchanged: 
 Data sizes:     COMRAM   BANK0   BANK1   BANK2   BANK3   BANK4   BANK5   BANK6   BANK7   BANK8   BANK9  BANK10  BANK11  BANK12  BANK13  BANK14
      Params:         0       0       0       0       0       0       0       0       0       0       0       0       0       0       0       0
      Locals:         0       0       0       0       0       0       0       0       0       0       0       0       0       0       0       0
      Temps:          0       0       0       0       0       0       0       0       0       0       0       0       0       0       0       0
      Totals:         0       0       0       0       0       0       0       0       0       0       0       0       0       0       0       0
Total ram usage:        0 bytes
 Hardware stack levels used:    1
 Hardware stack levels required when called:    1
 This function calls:
		Nothing
 This function is called by:
		_main
 This function uses a non-reentrant model


 *************** function _adc_init *****************
 Defined at:
		line 9 in file "../timer.X/adc.c"
 Parameters:    Size  Location     Type
		None
 Auto vars:     Size  Location     Type
		None
 Return value:  Size  Location     Type
                  1    wreg      void 
 Registers used:
		wreg, status,2
 Tracked objects:
		On entry : 
		On exit  : 
		Unchanged: 
 Data sizes:     COMRAM   BANK0   BANK1   BANK2   BANK3   BANK4   BANK5   BANK6   BANK7   BANK8   BANK9  BANK10  BANK11  BANK12  BANK13  BANK14
      Params:         0       0       0       0       0       0       0       0       0       0       0       0       0       0       0       0
      Locals:         0       0       0       0       0       0       0       0       0       0       0       0       0       0       0       0
      Temps:          0       0       0       0       0       0       0       0       0       0       0       0       0       0       0       0
      Totals:         0       0       0       0       0       0       0       0       0       0       0       0       0       0       0       0
Total ram usage:        0 bytes
 Hardware stack levels used:    1
 Hardware stack levels required when called:    1
 This function calls:
		Nothing
 This function is called by:
		_main
 This function uses a non-reentrant model


 *************** function _adcNum0 *****************
 Defined at:
		line 19 in file "../timer.X/adc.c"
 Parameters:    Size  Location     Type
		None
 Auto vars:     Size  Location     Type
		None
 Return value:  Size  Location     Type
                  4    1[COMRAM] unsigned long 
 Registers used:
		wreg, status,2, status,0
 Tracked objects:
		On entry : 
		On exit  : 
		Unchanged: 
 Data sizes:     COMRAM   BANK0   BANK1   BANK2   BANK3   BANK4   BANK5   BANK6   BANK7   BANK8   BANK9  BANK10  BANK11  BANK12  BANK13  BANK14
      Params:         4       0       0       0       0       0       0       0       0       0       0       0       0       0       0       0
      Locals:         0       0       0       0       0       0       0       0       0       0       0       0       0       0       0       0
      Temps:          3       0       0       0       0       0       0       0       0       0       0       0       0       0       0       0
      Totals:         7       0       0       0       0       0       0       0       0       0       0       0       0       0       0       0
Total ram usage:        7 bytes
 Hardware stack levels used:    1
 Hardware stack levels required when called:    1
 This function calls:
		Nothing
 This function is called by:
		_main
 This function uses a non-reentrant model


 *************** function ___lldiv *****************
 Defined at:
		line 7 in file "C:\Program Files (x86)\Microchip\xc8\v2.10\pic\sources\c99\common\__lldiv.c"
 Parameters:    Size  Location     Type
  dividend        4    1[COMRAM] unsigned long 
  divisor         4    5[COMRAM] unsigned long 
 Auto vars:     Size  Location     Type
  quotient        4    9[COMRAM] unsigned long 
  counter         1   13[COMRAM] unsigned char 
 Return value:  Size  Location     Type
                  4    1[COMRAM] unsigned long 
 Registers used:
		wreg, status,2, status,0
 Tracked objects:
		On entry : 
		On exit  : 
		Unchanged: 
 Data sizes:     COMRAM   BANK0   BANK1   BANK2   BANK3   BANK4   BANK5   BANK6   BANK7   BANK8   BANK9  BANK10  BANK11  BANK12  BANK13  BANK14
      Params:         8       0       0       0       0       0       0       0       0       0       0       0       0       0       0       0
      Locals:         5       0       0       0       0       0       0       0       0       0       0       0       0       0       0       0
      Temps:          0       0       0       0       0       0       0       0       0       0       0       0       0       0       0       0
      Totals:        13       0       0       0       0       0       0       0       0       0       0       0       0       0       0       0
Total ram usage:       13 bytes
 Hardware stack levels used:    1
 Hardware stack levels required when called:    1
 This function calls:
		Nothing
 This function is called by:
		_main
 This function uses a non-reentrant model


 *************** function _ISR *****************
 Defined at:
		line 41 in file "ccp.c"
 Parameters:    Size  Location     Type
		None
 Auto vars:     Size  Location     Type
		None
 Return value:  Size  Location     Type
                  1    wreg      void 
 Registers used:
		wreg, status,2, status,0
 Tracked objects:
		On entry : 
		On exit  : 
		Unchanged: 
 Data sizes:     COMRAM   BANK0   BANK1   BANK2   BANK3   BANK4   BANK5   BANK6   BANK7   BANK8   BANK9  BANK10  BANK11  BANK12  BANK13  BANK14
      Params:         0       0       0       0       0       0       0       0       0       0       0       0       0       0       0       0
      Locals:         0       0       0       0       0       0       0       0       0       0       0       0       0       0       0       0
      Temps:          1       0       0       0       0       0       0       0       0       0       0       0       0       0       0       0
      Totals:         1       0       0       0       0       0       0       0       0       0       0       0       0       0       0       0
Total ram usage:        1 bytes
 Hardware stack levels used:    1
 This function calls:
		Nothing
 This function is called by:
		Interrupt level 2
 This function uses a non-reentrant model



MODULE INFORMATION

Module		Function		Class		Link	Load	Size
../timer.X/adc.c
		_adc_init      		CODE           	37E4	0000	11
		_adcNum0       		CODE           	3572	0000	69

../timer.X/adc.c estimated size: 80

C:\Program Files (x86)\Microchip\xc8\v2.10\pic\sources\c99\common\lodiv.c
		___lodiv       		CODE           	2916	0000	241

C:\Program Files (x86)\Microchip\xc8\v2.10\pic\sources\c99\common\lodiv.c estimated size: 241

C:\Program Files (x86)\Microchip\xc8\v2.10\pic\sources\c99\common\aodiv.c
		___aodiv       		CODE           	23EC	0000	393

C:\Program Files (x86)\Microchip\xc8\v2.10\pic\sources\c99\common\aodiv.c estimated size: 393

C:\Program Files (x86)\Microchip\xc8\v2.10\pic\sources\c99\common\awdiv.c
		___awdiv       		CODE           	2BA0	0000	197

C:\Program Files (x86)\Microchip\xc8\v2.10\pic\sources\c99\common\awdiv.c estimated size: 197

C:\Program Files (x86)\Microchip\xc8\v2.10\pic\sources\c99\common\strlen.c
		_strlen        		CODE           	3672	0000	55

C:\Program Files (x86)\Microchip\xc8\v2.10\pic\sources\c99\common\strlen.c estimated size: 55

timer.c
		_get_hours     		CODE           	36F4	0000	35
		_get_minutes   		CODE           	379A	0000	33
		_get_seconds   		CODE           	36D2	0000	35
		_set_hours     		CODE           	3232	0000	107
		_set_minutes   		CODE           	33D4	0000	89
		_set_seconds   		CODE           	31C8	0000	107
		_rtc_init      		CODE           	3148	0000	129
		_get_Aminutes  		CODE           	37BA	0000	33
		_set_Aminutes  		CODE           	3484	0000	89
		_get_Aseconds  		CODE           	3716	0000	35
		_get_Ahours    		CODE           	3738	0000	35
		_set_Aseconds  		CODE           	342C	0000	89
		_set_Ahours    		CODE           	329C	0000	107

timer.c estimated size: 923

C:\Program Files (x86)\Microchip\xc8\v2.10\pic\sources\c99\common\strncmp.c
		_strncmp       		CODE           	2820	0000	247

C:\Program Files (x86)\Microchip\xc8\v2.10\pic\sources\c99\common\strncmp.c estimated size: 247

../timer.X/lcd.c
		_lcd_command   		CODE           	2DEA	0000	187
		_lcd_char      		CODE           	2EA4	0000	187
		_lcd_init      		CODE           	377A	0000	33

../timer.X/lcd.c estimated size: 407

C:\Program Files (x86)\Microchip\xc8\v2.10\pic\sources\c99\common\__lldiv.c
		___lldiv       		CODE           	300E	0000	165

C:\Program Files (x86)\Microchip\xc8\v2.10\pic\sources\c99\common\__lldiv.c estimated size: 165

C:\Program Files (x86)\Microchip\xc8\v2.10\pic\sources\c99\common\doprnt.c
		_vfpfcnvrt     		CODE           	1B14	0000	1019
		_pad           		CODE           	2D28	0000	195
		_dtoa          		CODE           	1F0E	0000	735
		_vfprintf      		CODE           	336E	0000	103
		_utoa          		CODE           	21EC	0000	513

C:\Program Files (x86)\Microchip\xc8\v2.10\pic\sources\c99\common\doprnt.c estimated size: 2565

C:\Program Files (x86)\Microchip\xc8\v2.10\pic\sources\c99\common\nf_fputs.c
		_fputs         		CODE           	352E	0000	69

C:\Program Files (x86)\Microchip\xc8\v2.10\pic\sources\c99\common\nf_fputs.c estimated size: 69

shared
		__initialization		CODE           	35F6	0000	53

shared estimated size: 53

C:\Program Files (x86)\Microchip\xc8\v2.10\pic\sources\c99\common\putch.c
		_putch         		CODE           	37EE	0000	3

C:\Program Files (x86)\Microchip\xc8\v2.10\pic\sources\c99\common\putch.c estimated size: 3

C:\Program Files (x86)\Microchip\xc8\v2.10\pic\sources\c99\common\lomod.c
		___lomod       		CODE           	2A06	0000	209

C:\Program Files (x86)\Microchip\xc8\v2.10\pic\sources\c99\common\lomod.c estimated size: 209

C:\Program Files (x86)\Microchip\xc8\v2.10\pic\sources\c99\common\aomod.c
		___aomod       		CODE           	2574	0000	357

C:\Program Files (x86)\Microchip\xc8\v2.10\pic\sources\c99\common\aomod.c estimated size: 357

C:\Program Files (x86)\Microchip\xc8\v2.10\pic\sources\c99\common\abs.c
		_abs           		CODE           	35B6	0000	65

C:\Program Files (x86)\Microchip\xc8\v2.10\pic\sources\c99\common\abs.c estimated size: 65

C:\Program Files (x86)\Microchip\xc8\v2.10\pic\sources\c99\common\nf_sprintf.c
		_sprintf       		CODE           	34DC	0000	83

C:\Program Files (x86)\Microchip\xc8\v2.10\pic\sources\c99\common\nf_sprintf.c estimated size: 83

ccp.c
		_getr          		CODE           	37DA	0000	11
		_ISR           		CODE           	0008	0000	207
		_ccp_init      		CODE           	3634	0000	63

ccp.c estimated size: 281

../timer.X/i2c.c
		_i2c_write     		CODE           	2C64	0000	197
		_i2c_read      		CODE           	26D8	0000	329
		_i2c_init      		CODE           	36A8	0000	43

../timer.X/i2c.c estimated size: 569

C:\Program Files (x86)\Microchip\xc8\v2.10\pic\sources\c99\common\awmod.c
		___awmod       		CODE           	2F5E	0000	177

C:\Program Files (x86)\Microchip\xc8\v2.10\pic\sources\c99\common\awmod.c estimated size: 177

final_main.c
		_main          		CODE           	0F10	0000	3077

final_main.c estimated size: 3077

dac.c
		_spi_write     		CODE           	3306	0000	105
		_spi_init      		CODE           	375A	0000	33

dac.c estimated size: 138

C:\Program Files (x86)\Microchip\xc8\v2.10\pic\sources\c99\common\nf_fputc.c
		_fputc         		CODE           	2AD6	0000	203

C:\Program Files (x86)\Microchip\xc8\v2.10\pic\sources\c99\common\nf_fputc.c estimated size: 203

