Microchip MPLAB XC8 Compiler V2.10 ()

Linker command line:

-W-3 --edf=C:\Program Files (x86)\Microchip\xc8\v2.10\pic\dat\en_msgs.txt \
  -cs -h+dist/default/production\Stepper_Motor.X.production.sym \
  --cmf=dist/default/production\Stepper_Motor.X.production.cmf -z \
  -Q18F47K40 -oC:\Users\JOHNNY~1\AppData\Local\Temp\sack.2 \
  --defsym=__MPLAB_BUILD=1 \
  -Mdist/default/production/Stepper_Motor.X.production.map -E1 -ver=XC8 \
  --acfsm=1493 -ASTACK=0E0h-0E87h -pstack=STACK -ACODE=00h-01FFFFh \
  -ACONST=00h-01FFFFh -ASMALLCONST=0F00h-0FFFhx497 \
  -AMEDIUMCONST=0F00h-0FFFFh,010F00h-01FFFFh -ACOMRAM=01h-05Fh \
  -AABS1=00h-0E87h -ABIGRAM=01h-0E87h \
  -ARAM=060h-0FFh,0100h-01FFhx13,0E00h-0E87h -ABANK0=060h-0FFh \
  -ABANK1=0100h-01FFh -ABANK2=0200h-02FFh -ABANK3=0300h-03FFh \
  -ABANK4=0400h-04FFh -ABANK5=0500h-05FFh -ABANK6=0600h-06FFh \
  -ABANK7=0700h-07FFh -ABANK8=0800h-08FFh -ABANK9=0900h-09FFh \
  -ABANK10=0A00h-0AFFh -ABANK11=0B00h-0BFFh -ABANK12=0C00h-0CFFh \
  -ABANK13=0D00h-0DFFh -ABANK14=0E00h-0E87h \
  -ASFR=0E8Dh-0EFFh,0F00h-0F5Fh,0F60h-0FFFh \
  -preset_vec=00h,intcode,intcodelo,powerup,init -pramtop=0F00h \
  -psmallconst=SMALLCONST -pmediumconst=MEDIUMCONST -pconst=CONST \
  -AFARRAM=00h-00h -ACONFIG=0300000h-030000Bh -pconfig=CONFIG \
  -AIDLOC=0200000h-020000Fh -pidloc=IDLOC -AEEDATA=0310000h-03103FFh \
  -peeprom_data=EEDATA \
  -prdata=COMRAM,nvrram=COMRAM,nvbit=COMRAM,rbss=COMRAM,rbit=COMRAM \
  -pfarbss=FARRAM,fardata=FARRAM,nvFARRAM=FARRAM \
  -pintsave_regs=BIGRAM,bigbss=BIGRAM,bigdata=BIGRAM -pbss=RAM \
  -pidata=CODE,irdata=CODE,ibigdata=CODE,ifardata=CODE -prparam=COMRAM \
  C:\Users\JOHNNY~1\AppData\Local\Temp\sack.o \
  dist/default/production\Stepper_Motor.X.production.o 

Object code version is 3.11

Machine type is 18F47K40

Call graph: (short form)




                Name                               Link     Load   Length Selector   Space Scale
C:\Users\JOHNNY~1\AppData\Local\Temp\sack.o
                init                                  0        0        4        0       0
                idloc                            200000   200000       10   200000       0
                config                           300000   300000        C   300000       0
dist/default/production\Stepper_Motor.X.production.o
                text19                            1DE26    1DE26       C4     EF13       0
                text18                            1DD74    1DD74       B2     EEBA       0
                text17                            1E0B2    1E0B2      106     F059       0
                text16                            1EE4A    1EE4A      4C2     F725       0
                text15                            1DC00    1DC00       48     EE00       0
                text14                            1DCD0    1DCD0       A4     EE68       0
                text13                            1DC48    1DC48       88     EE24       0
                text12                            1DAEA    1DAEA       26     ED75       0
                text11                            1DBC0    1DBC0       40     EDE0       0
                text10                            1DB82    1DB82       3E     EDC1       0
                text9                             1DAE0    1DAE0        A     ED70       0
                text8                             1E686    1E686      39A     F343       0
                text7                             1EA20    1EA20      42A     F510       0
                text6                             1E1B8    1E1B8      108     F0DC       0
                text5                             1E2C0    1E2C0      1B4     F160       0
                text4                             1E474    1E474      212     F23A       0
                text3                             1DB46    1DB46       3C     EDA3       0
                text2                             1DEEA    1DEEA       E4     EF75       0
                text1                             1DFCE    1DFCE       E4     EFE7       0
                text0                             1F30C    1F30C      CF4     F986       0
                cstackCOMRAM                          1        1       5E        1       1
                cstackBANK0                          60       60       5C       60       1
                dataBANK0                            DC       DC        4       60       1
                bssBANK0                             BC       BC       20       60       1
                cinit                             1DB10    1DB10       36     ED88       0
                idataBANK0                        1DADC    1DADC        4    1DADC       0

TOTAL           Name                               Link     Load   Length     Space
        CLASS   STACK          

        CLASS   CODE           
                init                                  0        0        4         0
                text19                            1DE26    1DE26       C4         0
                text18                            1DD74    1DD74       B2         0
                text17                            1E0B2    1E0B2      106         0
                text16                            1EE4A    1EE4A      4C2         0
                text15                            1DC00    1DC00       48         0
                text14                            1DCD0    1DCD0       A4         0
                text13                            1DC48    1DC48       88         0
                text12                            1DAEA    1DAEA       26         0
                text11                            1DBC0    1DBC0       40         0
                text10                            1DB82    1DB82       3E         0
                text9                             1DAE0    1DAE0        A         0
                text8                             1E686    1E686      39A         0
                text7                             1EA20    1EA20      42A         0
                text6                             1E1B8    1E1B8      108         0
                text5                             1E2C0    1E2C0      1B4         0
                text4                             1E474    1E474      212         0
                text3                             1DB46    1DB46       3C         0
                text2                             1DEEA    1DEEA       E4         0
                text1                             1DFCE    1DFCE       E4         0
                text0                             1F30C    1F30C      CF4         0
                cinit                             1DB10    1DB10       36         0
                idataBANK0                        1DADC    1DADC        4         0

        CLASS   CONST          

        CLASS   SMALLCONST     

        CLASS   MEDIUMCONST    

        CLASS   COMRAM         
                cstackCOMRAM                          1        1       5E         1

        CLASS   ABS1           

        CLASS   BIGRAM         

        CLASS   RAM            

        CLASS   BANK0          
                cstackBANK0                          60       60       5C         1
                dataBANK0                            DC       DC        4         1
                bssBANK0                             BC       BC       20         1

        CLASS   BANK1          

        CLASS   BANK2          

        CLASS   BANK3          

        CLASS   BANK4          

        CLASS   BANK5          

        CLASS   BANK6          

        CLASS   BANK7          

        CLASS   BANK8          

        CLASS   BANK9          

        CLASS   BANK10         

        CLASS   BANK11         

        CLASS   BANK12         

        CLASS   BANK13         

        CLASS   BANK14         

        CLASS   SFR            

        CLASS   FARRAM         

        CLASS   CONFIG         
                config                           300000   300000        C         0

        CLASS   IDLOC          
                idloc                            200000   200000       10         0

        CLASS   EEDATA         



SEGMENTS        Name                           Load    Length   Top    Selector   Space  Class

                reset_vec                      000000  000004  000004         0       0  CODE    
                cstackCOMRAM                   000001  00005E  00005F         1       1  COMRAM  
                cstackBANK0                    000060  000080  0000E0        60       1  BANK0   
                idataBANK0                     01DADC  000004  01DAE0     1DADC       0  CODE    
                text9                          01DAE0  00000A  01DAEA      ED70       0  CODE    
                text12                         01DAEA  000026  01DB10      ED75       0  CODE    
                cinit                          01DB10  000036  01DB46      ED88       0  CODE    
                text3                          01DB46  00003C  01DB82      EDA3       0  CODE    
                text10                         01DB82  00003E  01DBC0      EDC1       0  CODE    
                text11                         01DBC0  000040  01DC00      EDE0       0  CODE    
                text15                         01DC00  000048  01DC48      EE00       0  CODE    
                text13                         01DC48  000088  01DCD0      EE24       0  CODE    
                text14                         01DCD0  0000A4  01DD74      EE68       0  CODE    
                text18                         01DD74  0000B2  01DE26      EEBA       0  CODE    
                text19                         01DE26  0000C4  01DEEA      EF13       0  CODE    
                text2                          01DEEA  0000E4  01DFCE      EF75       0  CODE    
                text1                          01DFCE  0000E4  01E0B2      EFE7       0  CODE    
                text17                         01E0B2  000106  01E1B8      F059       0  CODE    
                text6                          01E1B8  000108  01E2C0      F0DC       0  CODE    
                text5                          01E2C0  0001B4  01E474      F160       0  CODE    
                text4                          01E474  000212  01E686      F23A       0  CODE    
                text8                          01E686  00039A  01EA20      F343       0  CODE    
                text7                          01EA20  00042A  01EE4A      F510       0  CODE    
                text16                         01EE4A  0004C2  01F30C      F725       0  CODE    
                text0                          01F30C  000CF4  020000      F986       0  CODE    
                idloc                          200000  000010  200010    200000       0  IDLOC   
                config                         300000  00000C  30000C    300000       0  CONFIG  


UNUSED ADDRESS RANGES

        Name                Unused          Largest block    Delta
        BANK0            0000E0-0000FF               20
        BANK1            000100-0001FF              100
        BANK10           000A00-000AFF              100
        BANK11           000B00-000BFF              100
        BANK12           000C00-000CFF              100
        BANK13           000D00-000DFF              100
        BANK14           000E00-000E87               88
        BANK2            000200-0002FF              100
        BANK3            000300-0003FF              100
        BANK4            000400-0004FF              100
        BANK5            000500-0005FF              100
        BANK6            000600-0006FF              100
        BANK7            000700-0007FF              100
        BANK8            000800-0008FF              100
        BANK9            000900-0009FF              100
        BIGRAM           00005F-00005F                1
                         0000E0-000E87              DA8
        CODE             000004-01DADB            1DAD8
        COMRAM           00005F-00005F                1
        CONST            000004-01DADB            1DAD8
        EEDATA           310000-3103FF              400
        MEDIUMCONST      000F00-00FFFF             F100
                         010F00-01DADB             CBDC
        RAM              0000E0-000E87              100
        SFR              000E8D-000FFF               73
        SMALLCONST       000F00-01DADB              100
        STACK            0000E0-000E87              DA8

                                  Symbol Table

?___awdiv                cstackCOMRAM 00000B
?___awmod                cstackBANK0  00006E
?___fladd                cstackCOMRAM 000053
?___fldiv                cstackCOMRAM 00003A
?___flmul                cstackCOMRAM 000021
?___flsub                cstackBANK0  000064
?___fltol                cstackBANK0  000064
?___lldiv                cstackCOMRAM 000001
?___llmod                cstackCOMRAM 00000E
?___wmul                 cstackCOMRAM 000005
?___xxtofl               cstackCOMRAM 000013
?_abs                    cstackCOMRAM 000001
?_adcNum0                cstackCOMRAM 000001
?_ccpNum0                cstackBANK0  00006E
_ADCON0                  (abs)        000F60
_ADCON0bits              (abs)        000F60
_ADRES                   (abs)        000F63
_ANSELA                  (abs)        000F11
_ANSELC                  (abs)        000F21
_CCP1CONbits             (abs)        000FAC
_CCP1IE                  (abs)        007640
_CCP1PPS                 (abs)        000EAF
_CCPR1                   (abs)        000FAA
_GIE                     (abs)        007F97
_LATAbits                (abs)        000F83
_PEIE                    (abs)        007F96
_PIR6bits                (abs)        000ED0
_PORTAbits               (abs)        000F8D
_PORTB                   (abs)        000F8E
_PORTD                   (abs)        000F90
_T1CKPS0                 (abs)        007E7C
_T1CKPS1                 (abs)        007E7D
_T1CONbits               (abs)        000FCF
_TMR1                    (abs)        000FCD
_TMR1CLKbits             (abs)        000FD2
_TMR1IF                  (abs)        007670
_TMR1ON                  (abs)        007E78
_TRISAbits               (abs)        000F88
_TRISB                   (abs)        000F89
_TRISCbits               (abs)        000F8A
_TRISD                   (abs)        000F8B
__CFG_LVP$ON             (abs)        000000
__CFG_WDTE$OFF           (abs)        000000
__HRAM                   (abs)        000000
__Habs1                  abs1         000000
__Hbank0                 bank0        000000
__Hbank1                 bank1        000000
__Hbank10                bank10       000000
__Hbank11                bank11       000000
__Hbank12                bank12       000000
__Hbank13                bank13       000000
__Hbank14                bank14       000000
__Hbank2                 bank2        000000
__Hbank3                 bank3        000000
__Hbank4                 bank4        000000
__Hbank5                 bank5        000000
__Hbank6                 bank6        000000
__Hbank7                 bank7        000000
__Hbank8                 bank8        000000
__Hbank9                 bank9        000000
__Hbigbss                bigbss       000000
__Hbigdata               bigdata      000000
__Hbigram                bigram       000000
__Hbss                   bss          000000
__HbssBANK0              bssBANK0     000000
__Hcinit                 cinit        000000
__Hclrtext               clrtext      000000
__Hcomram                comram       000000
__Hconfig                config       30000C
__Hconst                 const        000000
__HcstackBANK0           cstackBANK0  000000
__HcstackCOMRAM          cstackCOMRAM 000000
__Hdata                  data         000000
__HdataBANK0             dataBANK0    000000
__Heeprom_data           eeprom_data  000000
__Hfarbss                farbss       000000
__Hfardata               fardata      000000
__Hibigdata              ibigdata     000000
__Hidata                 idata        000000
__HidataBANK0            idataBANK0   000000
__Hidloc                 idloc        200010
__Hifardata              ifardata     000000
__Hinit                  init         000004
__Hintcode               intcode      000000
__Hintcode_body          intcode_body 000000
__Hintcodelo             intcodelo    000000
__Hintentry              intentry     000000
__Hintret                intret       000000
__Hintsave_regs          intsave_regs 000000
__Hirdata                irdata       000000
__Hmediumconst           mediumconst  000000
__HnvFARRAM              nvFARRAM     000000
__Hnvbit                 nvbit        000000
__Hnvrram                nvrram       000000
__Hparam                 rparam       000000
__Hpowerup               powerup      000000
__Hram                   ram          000000
__Hramtop                ramtop       000F00
__Hrbit                  rbit         000000
__Hrbss                  rbss         000000
__Hrdata                 rdata        000000
__Hreset_vec             reset_vec    000000
__Hrparam                rparam       000000
__Hsfr                   sfr          000000
__Hsmallconst            smallconst   000000
__Hspace_0               (abs)        30000C
__Hspace_1               (abs)        0000E0
__Hspace_2               (abs)        000000
__Hstack                 stack        000000
__Hstruct                struct       000000
__Htemp                  temp         000000
__Htext                  text         000000
__Htext0                 text0        000000
__Htext1                 text1        000000
__Htext10                text10       000000
__Htext11                text11       000000
__Htext12                text12       000000
__Htext13                text13       000000
__Htext14                text14       000000
__Htext15                text15       000000
__Htext16                text16       000000
__Htext17                text17       000000
__Htext18                text18       000000
__Htext19                text19       000000
__Htext2                 text2        000000
__Htext3                 text3        000000
__Htext4                 text4        000000
__Htext5                 text5        000000
__Htext6                 text6        000000
__Htext7                 text7        000000
__Htext8                 text8        000000
__Htext9                 text9        000000
__LRAM                   (abs)        000001
__Labs1                  abs1         000000
__Lbank0                 bank0        000000
__Lbank1                 bank1        000000
__Lbank10                bank10       000000
__Lbank11                bank11       000000
__Lbank12                bank12       000000
__Lbank13                bank13       000000
__Lbank14                bank14       000000
__Lbank2                 bank2        000000
__Lbank3                 bank3        000000
__Lbank4                 bank4        000000
__Lbank5                 bank5        000000
__Lbank6                 bank6        000000
__Lbank7                 bank7        000000
__Lbank8                 bank8        000000
__Lbank9                 bank9        000000
__Lbigbss                bigbss       000000
__Lbigdata               bigdata      000000
__Lbigram                bigram       000000
__Lbss                   bss          000000
__LbssBANK0              bssBANK0     000000
__Lcinit                 cinit        000000
__Lclrtext               clrtext      000000
__Lcomram                comram       000000
__Lconfig                config       300000
__Lconst                 const        000000
__LcstackBANK0           cstackBANK0  000000
__LcstackCOMRAM          cstackCOMRAM 000000
__Ldata                  data         000000
__LdataBANK0             dataBANK0    000000
__Leeprom_data           eeprom_data  000000
__Lfarbss                farbss       000000
__Lfardata               fardata      000000
__Libigdata              ibigdata     000000
__Lidata                 idata        000000
__LidataBANK0            idataBANK0   000000
__Lidloc                 idloc        200000
__Lifardata              ifardata     000000
__Linit                  init         000000
__Lintcode               intcode      000000
__Lintcode_body          intcode_body 000000
__Lintcodelo             intcodelo    000000
__Lintentry              intentry     000000
__Lintret                intret       000000
__Lintsave_regs          intsave_regs 000000
__Lirdata                irdata       000000
__Lmediumconst           mediumconst  000000
__LnvFARRAM              nvFARRAM     000000
__Lnvbit                 nvbit        000000
__Lnvrram                nvrram       000000
__Lparam                 rparam       000000
__Lpowerup               powerup      000000
__Lram                   ram          000000
__Lramtop                ramtop       000F00
__Lrbit                  rbit         000000
__Lrbss                  rbss         000000
__Lrdata                 rdata        000000
__Lreset_vec             reset_vec    000000
__Lrparam                rparam       000000
__Lsfr                   sfr          000000
__Lsmallconst            smallconst   000000
__Lspace_0               (abs)        000000
__Lspace_1               (abs)        000000
__Lspace_2               (abs)        000000
__Lstack                 stack        000000
__Lstruct                struct       000000
__Ltemp                  temp         000000
__Ltext                  text         000000
__Ltext0                 text0        000000
__Ltext1                 text1        000000
__Ltext10                text10       000000
__Ltext11                text11       000000
__Ltext12                text12       000000
__Ltext13                text13       000000
__Ltext14                text14       000000
__Ltext15                text15       000000
__Ltext16                text16       000000
__Ltext17                text17       000000
__Ltext18                text18       000000
__Ltext19                text19       000000
__Ltext2                 text2        000000
__Ltext3                 text3        000000
__Ltext4                 text4        000000
__Ltext5                 text5        000000
__Ltext6                 text6        000000
__Ltext7                 text7        000000
__Ltext8                 text8        000000
__Ltext9                 text9        000000
__S0                     (abs)        30000C
__S1                     (abs)        0000E0
__S2                     (abs)        000000
___awdiv                 text19       01DE26
___awdiv@counter         cstackCOMRAM 00000F
___awdiv@dividend        cstackCOMRAM 00000B
___awdiv@divisor         cstackCOMRAM 00000D
___awdiv@quotient        cstackCOMRAM 000011
___awdiv@sign            cstackCOMRAM 000010
___awmod                 text18       01DD74
___awmod@counter         cstackBANK0  000072
___awmod@dividend        cstackBANK0  00006E
___awmod@divisor         cstackBANK0  000070
___awmod@sign            cstackBANK0  000073
___fladd                 text16       01EE4A
___fladd@a               cstackCOMRAM 000057
___fladd@aexp            cstackBANK0  000061
___fladd@b               cstackCOMRAM 000053
___fladd@bexp            cstackBANK0  000062
___fladd@grs             cstackBANK0  000063
___fladd@signs           cstackBANK0  000060
___fldiv                 text8        01E686
___fldiv@a               cstackCOMRAM 00003E
___fldiv@aexp            cstackCOMRAM 000052
___fldiv@b               cstackCOMRAM 00003A
___fldiv@bexp            cstackCOMRAM 000051
___fldiv@grs             cstackCOMRAM 00004D
___fldiv@new_exp         cstackCOMRAM 00004B
___fldiv@rem             cstackCOMRAM 000046
___fldiv@sign            cstackCOMRAM 00004A
___flge                  text17       01E0B2
___flge@ff1              cstackBANK0  00006C
___flge@ff2              cstackBANK0  000070
___flmul                 text7        01EA20
___flmul@a               cstackCOMRAM 000025
___flmul@aexp            cstackCOMRAM 000032
___flmul@b               cstackCOMRAM 000021
___flmul@bexp            cstackCOMRAM 000033
___flmul@grs             cstackCOMRAM 00002E
___flmul@prod            cstackCOMRAM 000034
___flmul@sign            cstackCOMRAM 00002D
___flmul@temp            cstackCOMRAM 000038
___flsub                 text15       01DC00
___flsub@a               cstackBANK0  000068
___flsub@b               cstackBANK0  000064
___fltol                 text6        01E1B8
___fltol@exp1            cstackBANK0  00006D
___fltol@f1              cstackBANK0  000064
___fltol@sign1           cstackBANK0  00006C
___inthi_sp              stack        000000
___intlo_sp              stack        000000
___lldiv                 text14       01DCD0
___lldiv@counter         cstackCOMRAM 00000D
___lldiv@dividend        cstackCOMRAM 000001
___lldiv@divisor         cstackCOMRAM 000005
___lldiv@quotient        cstackCOMRAM 000009
___llmod                 text13       01DC48
___llmod@counter         cstackCOMRAM 000016
___llmod@dividend        cstackCOMRAM 00000E
___llmod@divisor         cstackCOMRAM 000012
___param_bank            (abs)        000000
___rparam_used           (abs)        000001
___sp                    stack        000000
___wmul                  text12       01DAEA
___wmul@multiplicand     cstackCOMRAM 000007
___wmul@multiplier       cstackCOMRAM 000005
___wmul@product          cstackCOMRAM 000009
___xxtofl                text5        01E2C0
___xxtofl@arg            cstackCOMRAM 00001D
___xxtofl@exp            cstackCOMRAM 00001C
___xxtofl@sign           cstackCOMRAM 00001B
___xxtofl@val            cstackCOMRAM 000013
__accesstop              (abs)        000060
__activetblptr           (abs)        000003
__end_of___awdiv         text19       01DEEA
__end_of___awmod         text18       01DE26
__end_of___fladd         text16       01F30C
__end_of___fldiv         text8        01EA20
__end_of___flge          text17       01E1B8
__end_of___flmul         text7        01EE4A
__end_of___flsub         text15       01DC48
__end_of___fltol         text6        01E2C0
__end_of___lldiv         text14       01DD74
__end_of___llmod         text13       01DCD0
__end_of___wmul          text12       01DB10
__end_of___xxtofl        text5        01E474
__end_of__initialization cinit        01DB40
__end_of_abs             text11       01DC00
__end_of_adcNum0         text10       01DBC0
__end_of_adc_init        text9        01DAEA
__end_of_ccpNum0         text4        01E686
__end_of_ccp_init        text3        01DB82
__end_of_main            text0        020000
__end_of_steptakeL       text2        01DFCE
__end_of_steptakeR       text1        01E0B2
__initialization         cinit        01DB10
__mediumconst            mediumconst  000000
__pbssBANK0              bssBANK0     0000BC
__pcinit                 cinit        01DB10
__pcstackBANK0           cstackBANK0  000060
__pcstackCOMRAM          cstackCOMRAM 000001
__pdataBANK0             dataBANK0    0000DC
__pidataBANK0            idataBANK0   01DADC
__ptext0                 text0        01F30C
__ptext1                 text1        01DFCE
__ptext10                text10       01DB82
__ptext11                text11       01DBC0
__ptext12                text12       01DAEA
__ptext13                text13       01DC48
__ptext14                text14       01DCD0
__ptext15                text15       01DC00
__ptext16                text16       01EE4A
__ptext17                text17       01E0B2
__ptext18                text18       01DD74
__ptext19                text19       01DE26
__ptext2                 text2        01DEEA
__ptext3                 text3        01DB46
__ptext4                 text4        01E474
__ptext5                 text5        01E2C0
__ptext6                 text6        01E1B8
__ptext7                 text7        01EA20
__ptext8                 text8        01E686
__ptext9                 text9        01DAE0
__ramtop                 ramtop       000F00
__size_of___awdiv        (abs)        000000
__size_of___awmod        (abs)        000000
__size_of___fladd        (abs)        000000
__size_of___fldiv        (abs)        000000
__size_of___flge         (abs)        000000
__size_of___flmul        (abs)        000000
__size_of___flsub        (abs)        000000
__size_of___fltol        (abs)        000000
__size_of___lldiv        (abs)        000000
__size_of___llmod        (abs)        000000
__size_of___wmul         (abs)        000000
__size_of___xxtofl       (abs)        000000
__size_of_abs            (abs)        000000
__size_of_adcNum0        (abs)        000000
__size_of_adc_init       (abs)        000000
__size_of_ccpNum0        (abs)        000000
__size_of_ccp_init       (abs)        000000
__size_of_main           (abs)        000000
__size_of_steptakeL      (abs)        000000
__size_of_steptakeR      (abs)        000000
__smallconst             smallconst   000000
_abs                     text11       01DBC0
_adcNum0                 text10       01DB82
_adc_init                text9        01DAE0
_ccpNum0                 text4        01E474
_ccpNum0$1120            cstackBANK0  000076
_ccp_init                text3        01DB46
_check                   bssBANK0     0000D4
_currfreq                bssBANK0     0000C8
_currfuel                bssBANK0     0000CC
_f                       bssBANK0     0000C4
_f2                      bssBANK0     0000C0
_f3                      bssBANK0     0000BC
_freq                    bssBANK0     0000DA
_main                    text0        01F30C
_main$1121               cstackBANK0  000090
_main$1122               cstackBANK0  000094
_step                    dataBANK0    0000DE
_stepf                   dataBANK0    0000DC
_steptakeL               text2        01DEEA
_steptakeR               text1        01DFCE
_temp                    bssBANK0     0000D6
_test                    bssBANK0     0000D8
_value0                  bssBANK0     0000D0
abs@a                    cstackCOMRAM 000001
ccpNum0@period           cstackBANK0  000072
ccpNum0@q                cstackBANK0  00007A
end_of_initialization    cinit        01DB40
intlevel0                text         000000
intlevel1                text         000000
intlevel2                text         000000
intlevel3                text         000000
main@dist                cstackBANK0  0000A8
main@dist2               cstackBANK0  0000AA
main@n                   cstackBANK0  0000BA
main@t                   cstackBANK0  0000AC
main@t_398               cstackBANK0  0000AE
main@t_402               cstackBANK0  000098
main@t_403               cstackBANK0  0000B2
main@t_404               cstackBANK0  00009A
main@t_405               cstackBANK0  00009C
main@t_406               cstackBANK0  0000B4
main@t_407               cstackBANK0  00009E
main@t_418               cstackBANK0  0000A0
main@t_419               cstackBANK0  0000B6
main@t_420               cstackBANK0  0000A2
main@t_421               cstackBANK0  0000A4
main@t_422               cstackBANK0  0000B8
main@t_423               cstackBANK0  0000A6
main@w                   cstackBANK0  0000B0
stackhi                  (abs)        000E87
stacklo                  (abs)        0000E0
start                    init         000000
start_initialization     cinit        01DB10
steptakeL@dir            cstackCOMRAM 000001
steptakeR@dir            cstackCOMRAM 000001


FUNCTION INFORMATION:

 *************** function _main *****************
 Defined at:
		line 242 in file "sm.c"
 Parameters:    Size  Location     Type
		None
 Auto vars:     Size  Location     Type
  t               2   62[BANK0 ] int 
  t               2   84[BANK0 ] int 
  t               2   58[BANK0 ] int 
  t               2   82[BANK0 ] int 
  t               2   70[BANK0 ] int 
  t               2   88[BANK0 ] int 
  t               2   66[BANK0 ] int 
  t               2   86[BANK0 ] int 
  t               2   60[BANK0 ] int 
  t               2   56[BANK0 ] int 
  t               2   68[BANK0 ] int 
  t               2   64[BANK0 ] int 
  dist            2   72[BANK0 ] int 
  dist2           2   74[BANK0 ] int 
  w               2   80[BANK0 ] int 
  n               2   90[BANK0 ] int 
  t               2   78[BANK0 ] int 
  t               2   76[BANK0 ] int 
 Return value:  Size  Location     Type
                  1    wreg      void 
 Registers used:
		wreg, status,2, status,0, prodl, prodh, cstack
 Tracked objects:
		On entry : 
		On exit  : 
		Unchanged: 
 Data sizes:     COMRAM   BANK0   BANK1   BANK2   BANK3   BANK4   BANK5   BANK6   BANK7   BANK8   BANK9  BANK10  BANK11  BANK12  BANK13  BANK14
      Params:         0       0       0       0       0       0       0       0       0       0       0       0       0       0       0       0
      Locals:         0      44       0       0       0       0       0       0       0       0       0       0       0       0       0       0
      Temps:          0      20       0       0       0       0       0       0       0       0       0       0       0       0       0       0
      Totals:         0      64       0       0       0       0       0       0       0       0       0       0       0       0       0       0
Total ram usage:       64 bytes
 Hardware stack levels required when called:    2
 This function calls:
		___awdiv
		___awmod
		___fladd
		___fldiv
		___flge
		___flmul
		___flsub
		___fltol
		___lldiv
		___llmod
		___wmul
		___xxtofl
		_abs
		_adcNum0
		_adc_init
		_ccpNum0
		_ccp_init
		_steptakeL
		_steptakeR
 This function is called by:
		Startup code after reset
 This function uses a non-reentrant model


 *************** function _steptakeR *****************
 Defined at:
		line 53 in file "sm.c"
 Parameters:    Size  Location     Type
  dir             2    0[COMRAM] int 
 Auto vars:     Size  Location     Type
		None
 Return value:  Size  Location     Type
                  1    wreg      void 
 Registers used:
		wreg, status,2, status,0
 Tracked objects:
		On entry : 
		On exit  : 
		Unchanged: 
 Data sizes:     COMRAM   BANK0   BANK1   BANK2   BANK3   BANK4   BANK5   BANK6   BANK7   BANK8   BANK9  BANK10  BANK11  BANK12  BANK13  BANK14
      Params:         2       0       0       0       0       0       0       0       0       0       0       0       0       0       0       0
      Locals:         0       0       0       0       0       0       0       0       0       0       0       0       0       0       0       0
      Temps:          2       0       0       0       0       0       0       0       0       0       0       0       0       0       0       0
      Totals:         4       0       0       0       0       0       0       0       0       0       0       0       0       0       0       0
Total ram usage:        4 bytes
 Hardware stack levels used:    1
 This function calls:
		Nothing
 This function is called by:
		_main
 This function uses a non-reentrant model


 *************** function _steptakeL *****************
 Defined at:
		line 116 in file "sm.c"
 Parameters:    Size  Location     Type
  dir             2    0[COMRAM] int 
 Auto vars:     Size  Location     Type
		None
 Return value:  Size  Location     Type
                  1    wreg      void 
 Registers used:
		wreg, status,2, status,0
 Tracked objects:
		On entry : 
		On exit  : 
		Unchanged: 
 Data sizes:     COMRAM   BANK0   BANK1   BANK2   BANK3   BANK4   BANK5   BANK6   BANK7   BANK8   BANK9  BANK10  BANK11  BANK12  BANK13  BANK14
      Params:         2       0       0       0       0       0       0       0       0       0       0       0       0       0       0       0
      Locals:         0       0       0       0       0       0       0       0       0       0       0       0       0       0       0       0
      Temps:          2       0       0       0       0       0       0       0       0       0       0       0       0       0       0       0
      Totals:         4       0       0       0       0       0       0       0       0       0       0       0       0       0       0       0
Total ram usage:        4 bytes
 Hardware stack levels used:    1
 This function calls:
		Nothing
 This function is called by:
		_main
 This function uses a non-reentrant model


 *************** function _ccp_init *****************
 Defined at:
		line 174 in file "sm.c"
 Parameters:    Size  Location     Type
		None
 Auto vars:     Size  Location     Type
		None
 Return value:  Size  Location     Type
                  1    wreg      void 
 Registers used:
		wreg, status,2
 Tracked objects:
		On entry : 
		On exit  : 
		Unchanged: 
 Data sizes:     COMRAM   BANK0   BANK1   BANK2   BANK3   BANK4   BANK5   BANK6   BANK7   BANK8   BANK9  BANK10  BANK11  BANK12  BANK13  BANK14
      Params:         0       0       0       0       0       0       0       0       0       0       0       0       0       0       0       0
      Locals:         0       0       0       0       0       0       0       0       0       0       0       0       0       0       0       0
      Temps:          0       0       0       0       0       0       0       0       0       0       0       0       0       0       0       0
      Totals:         0       0       0       0       0       0       0       0       0       0       0       0       0       0       0       0
Total ram usage:        0 bytes
 Hardware stack levels used:    1
 This function calls:
		Nothing
 This function is called by:
		_main
 This function uses a non-reentrant model


 *************** function _ccpNum0 *****************
 Defined at:
		line 215 in file "sm.c"
 Parameters:    Size  Location     Type
		None
 Auto vars:     Size  Location     Type
  period          4   18[BANK0 ] unsigned long 
  q               2   26[BANK0 ] int 
 Return value:  Size  Location     Type
                  4   14[BANK0 ] float 
 Registers used:
		wreg, status,2, status,0, prodl, prodh, cstack
 Tracked objects:
		On entry : 
		On exit  : 
		Unchanged: 
 Data sizes:     COMRAM   BANK0   BANK1   BANK2   BANK3   BANK4   BANK5   BANK6   BANK7   BANK8   BANK9  BANK10  BANK11  BANK12  BANK13  BANK14
      Params:         0       4       0       0       0       0       0       0       0       0       0       0       0       0       0       0
      Locals:         0      10       0       0       0       0       0       0       0       0       0       0       0       0       0       0
      Temps:          0       0       0       0       0       0       0       0       0       0       0       0       0       0       0       0
      Totals:         0      14       0       0       0       0       0       0       0       0       0       0       0       0       0       0
Total ram usage:       14 bytes
 Hardware stack levels used:    1
 Hardware stack levels required when called:    1
 This function calls:
		___fladd
		___fldiv
		___flmul
		___fltol
		___xxtofl
 This function is called by:
		_main
 This function uses a non-reentrant model


 *************** function ___xxtofl *****************
 Defined at:
		line 10 in file "C:\Program Files (x86)\Microchip\xc8\v2.10\pic\sources\c99\common\xxtofl.c"
 Parameters:    Size  Location     Type
  sign            1    wreg     unsigned char 
  val             4   18[COMRAM] long 
 Auto vars:     Size  Location     Type
  sign            1   26[COMRAM] unsigned char 
  arg             4   28[COMRAM] unsigned long 
  exp             1   27[COMRAM] unsigned char 
 Return value:  Size  Location     Type
                  4   18[COMRAM] unsigned char 
 Registers used:
		wreg, status,2, status,0
 Tracked objects:
		On entry : 
		On exit  : 
		Unchanged: 
 Data sizes:     COMRAM   BANK0   BANK1   BANK2   BANK3   BANK4   BANK5   BANK6   BANK7   BANK8   BANK9  BANK10  BANK11  BANK12  BANK13  BANK14
      Params:         4       0       0       0       0       0       0       0       0       0       0       0       0       0       0       0
      Locals:         6       0       0       0       0       0       0       0       0       0       0       0       0       0       0       0
      Temps:          4       0       0       0       0       0       0       0       0       0       0       0       0       0       0       0
      Totals:        14       0       0       0       0       0       0       0       0       0       0       0       0       0       0       0
Total ram usage:       14 bytes
 Hardware stack levels used:    1
 This function calls:
		Nothing
 This function is called by:
		_ccpNum0
		_main
 This function uses a non-reentrant model


 *************** function ___fltol *****************
 Defined at:
		line 43 in file "C:\Program Files (x86)\Microchip\xc8\v2.10\pic\sources\c99\common\fltol.c"
 Parameters:    Size  Location     Type
  f1              4    4[BANK0 ] unsigned char 
 Auto vars:     Size  Location     Type
  exp1            1   13[BANK0 ] unsigned char 
  sign1           1   12[BANK0 ] unsigned char 
 Return value:  Size  Location     Type
                  4    4[BANK0 ] long 
 Registers used:
		wreg, status,2, status,0
 Tracked objects:
		On entry : 
		On exit  : 
		Unchanged: 
 Data sizes:     COMRAM   BANK0   BANK1   BANK2   BANK3   BANK4   BANK5   BANK6   BANK7   BANK8   BANK9  BANK10  BANK11  BANK12  BANK13  BANK14
      Params:         0       4       0       0       0       0       0       0       0       0       0       0       0       0       0       0
      Locals:         0       2       0       0       0       0       0       0       0       0       0       0       0       0       0       0
      Temps:          0       4       0       0       0       0       0       0       0       0       0       0       0       0       0       0
      Totals:         0      10       0       0       0       0       0       0       0       0       0       0       0       0       0       0
Total ram usage:       10 bytes
 Hardware stack levels used:    1
 This function calls:
		Nothing
 This function is called by:
		_ccpNum0
		_main
 This function uses a non-reentrant model


 *************** function ___flmul *****************
 Defined at:
		line 8 in file "C:\Program Files (x86)\Microchip\xc8\v2.10\pic\sources\c99\common\sprcmul.c"
 Parameters:    Size  Location     Type
  b               4   32[COMRAM] long 
  a               4   36[COMRAM] long 
 Auto vars:     Size  Location     Type
  prod            4   51[COMRAM] struct .
  grs             4   45[COMRAM] unsigned long 
  temp            2   55[COMRAM] struct .
  bexp            1   50[COMRAM] unsigned char 
  aexp            1   49[COMRAM] unsigned char 
  sign            1   44[COMRAM] unsigned char 
 Return value:  Size  Location     Type
                  4   32[COMRAM] unsigned char 
 Registers used:
		wreg, status,2, status,0, prodl, prodh
 Tracked objects:
		On entry : 
		On exit  : 
		Unchanged: 
 Data sizes:     COMRAM   BANK0   BANK1   BANK2   BANK3   BANK4   BANK5   BANK6   BANK7   BANK8   BANK9  BANK10  BANK11  BANK12  BANK13  BANK14
      Params:         8       0       0       0       0       0       0       0       0       0       0       0       0       0       0       0
      Locals:        13       0       0       0       0       0       0       0       0       0       0       0       0       0       0       0
      Temps:          4       0       0       0       0       0       0       0       0       0       0       0       0       0       0       0
      Totals:        25       0       0       0       0       0       0       0       0       0       0       0       0       0       0       0
Total ram usage:       25 bytes
 Hardware stack levels used:    1
 This function calls:
		Nothing
 This function is called by:
		_ccpNum0
		_main
 This function uses a non-reentrant model


 *************** function ___fldiv *****************
 Defined at:
		line 11 in file "C:\Program Files (x86)\Microchip\xc8\v2.10\pic\sources\c99\common\sprcdiv.c"
 Parameters:    Size  Location     Type
  b               4   57[COMRAM] unsigned char 
  a               4   61[COMRAM] unsigned char 
 Auto vars:     Size  Location     Type
  grs             4   76[COMRAM] unsigned long 
  rem             4   69[COMRAM] unsigned long 
  new_exp         2   74[COMRAM] short 
  aexp            1   81[COMRAM] unsigned char 
  bexp            1   80[COMRAM] unsigned char 
  sign            1   73[COMRAM] unsigned char 
 Return value:  Size  Location     Type
                  4   57[COMRAM] unsigned char 
 Registers used:
		wreg, status,2, status,0
 Tracked objects:
		On entry : 
		On exit  : 
		Unchanged: 
 Data sizes:     COMRAM   BANK0   BANK1   BANK2   BANK3   BANK4   BANK5   BANK6   BANK7   BANK8   BANK9  BANK10  BANK11  BANK12  BANK13  BANK14
      Params:         8       0       0       0       0       0       0       0       0       0       0       0       0       0       0       0
      Locals:        13       0       0       0       0       0       0       0       0       0       0       0       0       0       0       0
      Temps:          4       0       0       0       0       0       0       0       0       0       0       0       0       0       0       0
      Totals:        25       0       0       0       0       0       0       0       0       0       0       0       0       0       0       0
Total ram usage:       25 bytes
 Hardware stack levels used:    1
 This function calls:
		Nothing
 This function is called by:
		_ccpNum0
		_main
 This function uses a non-reentrant model


 *************** function _adc_init *****************
 Defined at:
		line 9 in file "adc.c"
 Parameters:    Size  Location     Type
		None
 Auto vars:     Size  Location     Type
		None
 Return value:  Size  Location     Type
                  1    wreg      void 
 Registers used:
		wreg, status,2
 Tracked objects:
		On entry : 
		On exit  : 
		Unchanged: 
 Data sizes:     COMRAM   BANK0   BANK1   BANK2   BANK3   BANK4   BANK5   BANK6   BANK7   BANK8   BANK9  BANK10  BANK11  BANK12  BANK13  BANK14
      Params:         0       0       0       0       0       0       0       0       0       0       0       0       0       0       0       0
      Locals:         0       0       0       0       0       0       0       0       0       0       0       0       0       0       0       0
      Temps:          0       0       0       0       0       0       0       0       0       0       0       0       0       0       0       0
      Totals:         0       0       0       0       0       0       0       0       0       0       0       0       0       0       0       0
Total ram usage:        0 bytes
 Hardware stack levels used:    1
 This function calls:
		Nothing
 This function is called by:
		_main
 This function uses a non-reentrant model


 *************** function _adcNum0 *****************
 Defined at:
		line 19 in file "adc.c"
 Parameters:    Size  Location     Type
		None
 Auto vars:     Size  Location     Type
		None
 Return value:  Size  Location     Type
                  4    0[COMRAM] unsigned long 
 Registers used:
		wreg, status,2, status,0
 Tracked objects:
		On entry : 
		On exit  : 
		Unchanged: 
 Data sizes:     COMRAM   BANK0   BANK1   BANK2   BANK3   BANK4   BANK5   BANK6   BANK7   BANK8   BANK9  BANK10  BANK11  BANK12  BANK13  BANK14
      Params:         4       0       0       0       0       0       0       0       0       0       0       0       0       0       0       0
      Locals:         0       0       0       0       0       0       0       0       0       0       0       0       0       0       0       0
      Temps:          3       0       0       0       0       0       0       0       0       0       0       0       0       0       0       0
      Totals:         7       0       0       0       0       0       0       0       0       0       0       0       0       0       0       0
Total ram usage:        7 bytes
 Hardware stack levels used:    1
 This function calls:
		Nothing
 This function is called by:
		_main
 This function uses a non-reentrant model


 *************** function _abs *****************
 Defined at:
		line 1 in file "C:\Program Files (x86)\Microchip\xc8\v2.10\pic\sources\c99\common\abs.c"
 Parameters:    Size  Location     Type
  a               2    0[COMRAM] int 
 Auto vars:     Size  Location     Type
		None
 Return value:  Size  Location     Type
                  2    0[COMRAM] int 
 Registers used:
		wreg, status,2, status,0
 Tracked objects:
		On entry : 
		On exit  : 
		Unchanged: 
 Data sizes:     COMRAM   BANK0   BANK1   BANK2   BANK3   BANK4   BANK5   BANK6   BANK7   BANK8   BANK9  BANK10  BANK11  BANK12  BANK13  BANK14
      Params:         2       0       0       0       0       0       0       0       0       0       0       0       0       0       0       0
      Locals:         0       0       0       0       0       0       0       0       0       0       0       0       0       0       0       0
      Temps:          2       0       0       0       0       0       0       0       0       0       0       0       0       0       0       0
      Totals:         4       0       0       0       0       0       0       0       0       0       0       0       0       0       0       0
Total ram usage:        4 bytes
 Hardware stack levels used:    1
 This function calls:
		Nothing
 This function is called by:
		_main
 This function uses a non-reentrant model


 *************** function ___wmul *****************
 Defined at:
		line 15 in file "C:\Program Files (x86)\Microchip\xc8\v2.10\pic\sources\c99\common\Umul16.c"
 Parameters:    Size  Location     Type
  multiplier      2    4[COMRAM] unsigned int 
  multiplicand    2    6[COMRAM] unsigned int 
 Auto vars:     Size  Location     Type
  product         2    8[COMRAM] unsigned int 
 Return value:  Size  Location     Type
                  2    4[COMRAM] unsigned int 
 Registers used:
		wreg, status,2, status,0, prodl, prodh
 Tracked objects:
		On entry : 
		On exit  : 
		Unchanged: 
 Data sizes:     COMRAM   BANK0   BANK1   BANK2   BANK3   BANK4   BANK5   BANK6   BANK7   BANK8   BANK9  BANK10  BANK11  BANK12  BANK13  BANK14
      Params:         4       0       0       0       0       0       0       0       0       0       0       0       0       0       0       0
      Locals:         2       0       0       0       0       0       0       0       0       0       0       0       0       0       0       0
      Temps:          0       0       0       0       0       0       0       0       0       0       0       0       0       0       0       0
      Totals:         6       0       0       0       0       0       0       0       0       0       0       0       0       0       0       0
Total ram usage:        6 bytes
 Hardware stack levels used:    1
 This function calls:
		Nothing
 This function is called by:
		_main
 This function uses a non-reentrant model


 *************** function ___llmod *****************
 Defined at:
		line 7 in file "C:\Program Files (x86)\Microchip\xc8\v2.10\pic\sources\c99\common\llmod.c"
 Parameters:    Size  Location     Type
  dividend        4   13[COMRAM] unsigned long 
  divisor         4   17[COMRAM] unsigned long 
 Auto vars:     Size  Location     Type
  counter         1   21[COMRAM] unsigned char 
 Return value:  Size  Location     Type
                  4   13[COMRAM] unsigned long 
 Registers used:
		wreg, status,2, status,0
 Tracked objects:
		On entry : 
		On exit  : 
		Unchanged: 
 Data sizes:     COMRAM   BANK0   BANK1   BANK2   BANK3   BANK4   BANK5   BANK6   BANK7   BANK8   BANK9  BANK10  BANK11  BANK12  BANK13  BANK14
      Params:         8       0       0       0       0       0       0       0       0       0       0       0       0       0       0       0
      Locals:         1       0       0       0       0       0       0       0       0       0       0       0       0       0       0       0
      Temps:          0       0       0       0       0       0       0       0       0       0       0       0       0       0       0       0
      Totals:         9       0       0       0       0       0       0       0       0       0       0       0       0       0       0       0
Total ram usage:        9 bytes
 Hardware stack levels used:    1
 This function calls:
		Nothing
 This function is called by:
		_main
 This function uses a non-reentrant model


 *************** function ___lldiv *****************
 Defined at:
		line 7 in file "C:\Program Files (x86)\Microchip\xc8\v2.10\pic\sources\c99\common\__lldiv.c"
 Parameters:    Size  Location     Type
  dividend        4    0[COMRAM] unsigned long 
  divisor         4    4[COMRAM] unsigned long 
 Auto vars:     Size  Location     Type
  quotient        4    8[COMRAM] unsigned long 
  counter         1   12[COMRAM] unsigned char 
 Return value:  Size  Location     Type
                  4    0[COMRAM] unsigned long 
 Registers used:
		wreg, status,2, status,0
 Tracked objects:
		On entry : 
		On exit  : 
		Unchanged: 
 Data sizes:     COMRAM   BANK0   BANK1   BANK2   BANK3   BANK4   BANK5   BANK6   BANK7   BANK8   BANK9  BANK10  BANK11  BANK12  BANK13  BANK14
      Params:         8       0       0       0       0       0       0       0       0       0       0       0       0       0       0       0
      Locals:         5       0       0       0       0       0       0       0       0       0       0       0       0       0       0       0
      Temps:          0       0       0       0       0       0       0       0       0       0       0       0       0       0       0       0
      Totals:        13       0       0       0       0       0       0       0       0       0       0       0       0       0       0       0
Total ram usage:       13 bytes
 Hardware stack levels used:    1
 This function calls:
		Nothing
 This function is called by:
		_main
 This function uses a non-reentrant model


 *************** function ___flsub *****************
 Defined at:
		line 245 in file "C:\Program Files (x86)\Microchip\xc8\v2.10\pic\sources\c99\common\sprcadd.c"
 Parameters:    Size  Location     Type
  b               4    4[BANK0 ] unsigned long 
  a               4    8[BANK0 ] unsigned long 
 Auto vars:     Size  Location     Type
		None
 Return value:  Size  Location     Type
                  4    4[BANK0 ] unsigned long 
 Registers used:
		wreg, status,2, status,0, cstack
 Tracked objects:
		On entry : 
		On exit  : 
		Unchanged: 
 Data sizes:     COMRAM   BANK0   BANK1   BANK2   BANK3   BANK4   BANK5   BANK6   BANK7   BANK8   BANK9  BANK10  BANK11  BANK12  BANK13  BANK14
      Params:         0       8       0       0       0       0       0       0       0       0       0       0       0       0       0       0
      Locals:         0       0       0       0       0       0       0       0       0       0       0       0       0       0       0       0
      Temps:          0       0       0       0       0       0       0       0       0       0       0       0       0       0       0       0
      Totals:         0       8       0       0       0       0       0       0       0       0       0       0       0       0       0       0
Total ram usage:        8 bytes
 Hardware stack levels used:    1
 Hardware stack levels required when called:    1
 This function calls:
		___fladd
 This function is called by:
		_main
 This function uses a non-reentrant model


 *************** function ___fladd *****************
 Defined at:
		line 10 in file "C:\Program Files (x86)\Microchip\xc8\v2.10\pic\sources\c99\common\sprcadd.c"
 Parameters:    Size  Location     Type
  b               4   82[COMRAM] unsigned long 
  a               4   86[COMRAM] unsigned long 
 Auto vars:     Size  Location     Type
  grs             1    3[BANK0 ] unsigned char 
  bexp            1    2[BANK0 ] unsigned char 
  aexp            1    1[BANK0 ] unsigned char 
  signs           1    0[BANK0 ] unsigned char 
 Return value:  Size  Location     Type
                  4   82[COMRAM] unsigned char 
 Registers used:
		wreg, status,2, status,0
 Tracked objects:
		On entry : 
		On exit  : 
		Unchanged: 
 Data sizes:     COMRAM   BANK0   BANK1   BANK2   BANK3   BANK4   BANK5   BANK6   BANK7   BANK8   BANK9  BANK10  BANK11  BANK12  BANK13  BANK14
      Params:         8       0       0       0       0       0       0       0       0       0       0       0       0       0       0       0
      Locals:         0       4       0       0       0       0       0       0       0       0       0       0       0       0       0       0
      Temps:          4       0       0       0       0       0       0       0       0       0       0       0       0       0       0       0
      Totals:        12       4       0       0       0       0       0       0       0       0       0       0       0       0       0       0
Total ram usage:       16 bytes
 Hardware stack levels used:    1
 This function calls:
		Nothing
 This function is called by:
		_ccpNum0
		_main
		___flsub
 This function uses a non-reentrant model


 *************** function ___flge *****************
 Defined at:
		line 4 in file "C:\Program Files (x86)\Microchip\xc8\v2.10\pic\sources\c99\common\flge.c"
 Parameters:    Size  Location     Type
  ff1             4   12[BANK0 ] unsigned char 
  ff2             4   16[BANK0 ] unsigned char 
 Auto vars:     Size  Location     Type
		None
 Return value:  Size  Location     Type
		None               void
 Registers used:
		wreg, status,2, status,0
 Tracked objects:
		On entry : 
		On exit  : 
		Unchanged: 
 Data sizes:     COMRAM   BANK0   BANK1   BANK2   BANK3   BANK4   BANK5   BANK6   BANK7   BANK8   BANK9  BANK10  BANK11  BANK12  BANK13  BANK14
      Params:         0       8       0       0       0       0       0       0       0       0       0       0       0       0       0       0
      Locals:         0       0       0       0       0       0       0       0       0       0       0       0       0       0       0       0
      Temps:          0       4       0       0       0       0       0       0       0       0       0       0       0       0       0       0
      Totals:         0      12       0       0       0       0       0       0       0       0       0       0       0       0       0       0
Total ram usage:       12 bytes
 Hardware stack levels used:    1
 This function calls:
		Nothing
 This function is called by:
		_main
 This function uses a non-reentrant model


 *************** function ___awmod *****************
 Defined at:
		line 7 in file "C:\Program Files (x86)\Microchip\xc8\v2.10\pic\sources\c99\common\awmod.c"
 Parameters:    Size  Location     Type
  dividend        2   14[BANK0 ] int 
  divisor         2   16[BANK0 ] int 
 Auto vars:     Size  Location     Type
  sign            1   19[BANK0 ] unsigned char 
  counter         1   18[BANK0 ] unsigned char 
 Return value:  Size  Location     Type
                  2   14[BANK0 ] int 
 Registers used:
		wreg, status,2, status,0
 Tracked objects:
		On entry : 
		On exit  : 
		Unchanged: 
 Data sizes:     COMRAM   BANK0   BANK1   BANK2   BANK3   BANK4   BANK5   BANK6   BANK7   BANK8   BANK9  BANK10  BANK11  BANK12  BANK13  BANK14
      Params:         0       4       0       0       0       0       0       0       0       0       0       0       0       0       0       0
      Locals:         0       2       0       0       0       0       0       0       0       0       0       0       0       0       0       0
      Temps:          0       0       0       0       0       0       0       0       0       0       0       0       0       0       0       0
      Totals:         0       6       0       0       0       0       0       0       0       0       0       0       0       0       0       0
Total ram usage:        6 bytes
 Hardware stack levels used:    1
 This function calls:
		Nothing
 This function is called by:
		_main
 This function uses a non-reentrant model


 *************** function ___awdiv *****************
 Defined at:
		line 7 in file "C:\Program Files (x86)\Microchip\xc8\v2.10\pic\sources\c99\common\awdiv.c"
 Parameters:    Size  Location     Type
  dividend        2   10[COMRAM] int 
  divisor         2   12[COMRAM] int 
 Auto vars:     Size  Location     Type
  quotient        2   16[COMRAM] int 
  sign            1   15[COMRAM] unsigned char 
  counter         1   14[COMRAM] unsigned char 
 Return value:  Size  Location     Type
                  2   10[COMRAM] int 
 Registers used:
		wreg, status,2, status,0
 Tracked objects:
		On entry : 
		On exit  : 
		Unchanged: 
 Data sizes:     COMRAM   BANK0   BANK1   BANK2   BANK3   BANK4   BANK5   BANK6   BANK7   BANK8   BANK9  BANK10  BANK11  BANK12  BANK13  BANK14
      Params:         4       0       0       0       0       0       0       0       0       0       0       0       0       0       0       0
      Locals:         4       0       0       0       0       0       0       0       0       0       0       0       0       0       0       0
      Temps:          0       0       0       0       0       0       0       0       0       0       0       0       0       0       0       0
      Totals:         8       0       0       0       0       0       0       0       0       0       0       0       0       0       0       0
Total ram usage:        8 bytes
 Hardware stack levels used:    1
 This function calls:
		Nothing
 This function is called by:
		_main
 This function uses a non-reentrant model



MODULE INFORMATION

Module		Function		Class		Link	Load	Size
C:\Program Files (x86)\Microchip\xc8\v2.10\pic\sources\c99\common\xxtofl.c
		___xxtofl      		CODE           	1E2C0	0000	437

C:\Program Files (x86)\Microchip\xc8\v2.10\pic\sources\c99\common\xxtofl.c estimated size: 437

sm.c
		_main          		CODE           	1F30C	0000	3317
		_ccp_init      		CODE           	1DB46	0000	61
		_ccpNum0       		CODE           	1E474	0000	531
		_steptakeL     		CODE           	1DEEA	0000	229
		_steptakeR     		CODE           	1DFCE	0000	229

sm.c estimated size: 4367

C:\Program Files (x86)\Microchip\xc8\v2.10\pic\sources\c99\common\awdiv.c
		___awdiv       		CODE           	1DE26	0000	197

C:\Program Files (x86)\Microchip\xc8\v2.10\pic\sources\c99\common\awdiv.c estimated size: 197

C:\Program Files (x86)\Microchip\xc8\v2.10\pic\sources\c99\common\fltol.c
		___fltol       		CODE           	1E1B8	0000	265

C:\Program Files (x86)\Microchip\xc8\v2.10\pic\sources\c99\common\fltol.c estimated size: 265

C:\Program Files (x86)\Microchip\xc8\v2.10\pic\sources\c99\common\sprcmul.c
		___flmul       		CODE           	1EA20	0000	1067

C:\Program Files (x86)\Microchip\xc8\v2.10\pic\sources\c99\common\sprcmul.c estimated size: 1067

C:\Program Files (x86)\Microchip\xc8\v2.10\pic\sources\c99\common\__lldiv.c
		___lldiv       		CODE           	1DCD0	0000	165

C:\Program Files (x86)\Microchip\xc8\v2.10\pic\sources\c99\common\__lldiv.c estimated size: 165

C:\Program Files (x86)\Microchip\xc8\v2.10\pic\sources\c99\common\sprcdiv.c
		___fldiv       		CODE           	1E686	0000	923

C:\Program Files (x86)\Microchip\xc8\v2.10\pic\sources\c99\common\sprcdiv.c estimated size: 923

adc.c
		_adc_init      		CODE           	1DAE0	0000	11
		_adcNum0       		CODE           	1DB82	0000	63

adc.c estimated size: 74

C:\Program Files (x86)\Microchip\xc8\v2.10\pic\sources\c99\common\flge.c
		___flge        		CODE           	1E0B2	0000	263

C:\Program Files (x86)\Microchip\xc8\v2.10\pic\sources\c99\common\flge.c estimated size: 263

shared
		__initialization		CODE           	1DB10	0000	49

shared estimated size: 49

C:\Program Files (x86)\Microchip\xc8\v2.10\pic\sources\c99\common\sprcadd.c
		___flsub       		CODE           	1DC00	0000	73
		___fladd       		CODE           	1EE4A	0000	1219

C:\Program Files (x86)\Microchip\xc8\v2.10\pic\sources\c99\common\sprcadd.c estimated size: 1292

C:\Program Files (x86)\Microchip\xc8\v2.10\pic\sources\c99\common\abs.c
		_abs           		CODE           	1DBC0	0000	65

C:\Program Files (x86)\Microchip\xc8\v2.10\pic\sources\c99\common\abs.c estimated size: 65

C:\Program Files (x86)\Microchip\xc8\v2.10\pic\sources\c99\common\Umul16.c
		___wmul        		CODE           	1DAEA	0000	39

C:\Program Files (x86)\Microchip\xc8\v2.10\pic\sources\c99\common\Umul16.c estimated size: 39

C:\Program Files (x86)\Microchip\xc8\v2.10\pic\sources\c99\common\awmod.c
		___awmod       		CODE           	1DD74	0000	179

C:\Program Files (x86)\Microchip\xc8\v2.10\pic\sources\c99\common\awmod.c estimated size: 179

C:\Program Files (x86)\Microchip\xc8\v2.10\pic\sources\c99\common\llmod.c
		___llmod       		CODE           	1DC48	0000	137

C:\Program Files (x86)\Microchip\xc8\v2.10\pic\sources\c99\common\llmod.c estimated size: 137

