Microchip MPLAB XC8 Compiler V2.10 ()

Linker command line:

-W-3 --edf=C:\Program Files (x86)\Microchip\xc8\v2.10\pic\dat\en_msgs.txt \
  -cs -h+dist/default/production\Serial_DAC.X.production.sym \
  --cmf=dist/default/production\Serial_DAC.X.production.cmf -z -Q18F47K40 \
  -oC:\Users\JOHNNY~1\AppData\Local\Temp\sa8.2 --defsym=__MPLAB_BUILD=1 \
  -Mdist/default/production/Serial_DAC.X.production.map -E1 -ver=XC8 \
  --acfsm=1493 -ASTACK=0F6h-0E87h -pstack=STACK -ACODE=00h-01FFFFh \
  -ACONST=00h-01FFFFh -ASMALLCONST=0F00h-0FFFhx497 \
  -AMEDIUMCONST=0F00h-0FFFFh,010F00h-01FFFFh -ACOMRAM=01h-05Fh \
  -AABS1=00h-0E87h -ABIGRAM=01h-0E87h \
  -ARAM=060h-0FFh,0100h-01FFhx13,0E00h-0E87h -ABANK0=060h-0FFh \
  -ABANK1=0100h-01FFh -ABANK2=0200h-02FFh -ABANK3=0300h-03FFh \
  -ABANK4=0400h-04FFh -ABANK5=0500h-05FFh -ABANK6=0600h-06FFh \
  -ABANK7=0700h-07FFh -ABANK8=0800h-08FFh -ABANK9=0900h-09FFh \
  -ABANK10=0A00h-0AFFh -ABANK11=0B00h-0BFFh -ABANK12=0C00h-0CFFh \
  -ABANK13=0D00h-0DFFh -ABANK14=0E00h-0E87h \
  -ASFR=0E8Dh-0EFFh,0F00h-0F5Fh,0F60h-0FFFh \
  -preset_vec=00h,intcode,intcodelo,powerup,init -pramtop=0F00h \
  -psmallconst=SMALLCONST -pmediumconst=MEDIUMCONST -pconst=CONST \
  -AFARRAM=00h-00h -ACONFIG=0300000h-030000Bh -pconfig=CONFIG \
  -AIDLOC=0200000h-020000Fh -pidloc=IDLOC -AEEDATA=0310000h-03103FFh \
  -peeprom_data=EEDATA \
  -prdata=COMRAM,nvrram=COMRAM,nvbit=COMRAM,rbss=COMRAM,rbit=COMRAM \
  -pfarbss=FARRAM,fardata=FARRAM,nvFARRAM=FARRAM \
  -pintsave_regs=BIGRAM,bigbss=BIGRAM,bigdata=BIGRAM -pbss=RAM \
  -pidata=CODE,irdata=CODE,ibigdata=CODE,ifardata=CODE -prparam=COMRAM \
  C:\Users\JOHNNY~1\AppData\Local\Temp\sa8.o \
  dist/default/production\Serial_DAC.X.production.o 

Object code version is 3.11

Machine type is 18F47K40

Call graph: (short form)




                Name                               Link     Load   Length Selector   Space Scale
C:\Users\JOHNNY~1\AppData\Local\Temp\sa8.o
                init                                  0        0        4        0       0
                idloc                            200000   200000       10   200000       0
                config                           300000   300000        C   300000       0
dist/default/production\Serial_DAC.X.production.o
                text4                             1FB24    1FB24       44     FD92       0
                text3                             1FABA    1FABA       16     FD5D       0
                text2                             1FAD0    1FAD0       20     FD68       0
                text1                             1FBBE    1FBBE       66     FDDF       0
                text0                             1FCBA    1FCBA      346     FE5D       0
                cstackCOMRAM                         35       35       1F        1       1
                dataBANK0                            60       60       96       60       1
                dataCOMRAM                            1        1       34        1       1
                bssCOMRAM                            54       54        C        1       1
                cinit                             1FB68    1FB68       56     FDB4       0
                idataBANK0                        1FC24    1FC24       96    1FC24       0
                idataCOMRAM                       1FAF0    1FAF0       34    1FAF0       0

TOTAL           Name                               Link     Load   Length     Space
        CLASS   STACK          

        CLASS   CODE           
                init                                  0        0        4         0
                text4                             1FB24    1FB24       44         0
                text3                             1FABA    1FABA       16         0
                text2                             1FAD0    1FAD0       20         0
                text1                             1FBBE    1FBBE       66         0
                text0                             1FCBA    1FCBA      346         0
                cinit                             1FB68    1FB68       56         0
                idataBANK0                        1FC24    1FC24       96         0
                idataCOMRAM                       1FAF0    1FAF0       34         0

        CLASS   CONST          

        CLASS   SMALLCONST     

        CLASS   MEDIUMCONST    

        CLASS   COMRAM         
                cstackCOMRAM                         35       35       1F         1
                dataCOMRAM                            1        1       34         1
                bssCOMRAM                            54       54        C         1

        CLASS   ABS1           

        CLASS   BIGRAM         

        CLASS   RAM            

        CLASS   BANK0          
                dataBANK0                            60       60       96         1

        CLASS   BANK1          

        CLASS   BANK2          

        CLASS   BANK3          

        CLASS   BANK4          

        CLASS   BANK5          

        CLASS   BANK6          

        CLASS   BANK7          

        CLASS   BANK8          

        CLASS   BANK9          

        CLASS   BANK10         

        CLASS   BANK11         

        CLASS   BANK12         

        CLASS   BANK13         

        CLASS   BANK14         

        CLASS   SFR            

        CLASS   FARRAM         

        CLASS   CONFIG         
                config                           300000   300000        C         0

        CLASS   IDLOC          
                idloc                            200000   200000       10         0

        CLASS   EEDATA         



SEGMENTS        Name                           Load    Length   Top    Selector   Space  Class

                reset_vec                      000000  000004  000004         0       0  CODE    
                dataCOMRAM                     000001  00005F  000060         1       1  COMRAM  
                dataBANK0                      000060  000096  0000F6        60       1  BANK0   
                text3                          01FABA  000016  01FAD0      FD5D       0  CODE    
                text2                          01FAD0  000020  01FAF0      FD68       0  CODE    
                idataCOMRAM                    01FAF0  000034  01FB24     1FAF0       0  CODE    
                text4                          01FB24  000044  01FB68      FD92       0  CODE    
                cinit                          01FB68  000056  01FBBE      FDB4       0  CODE    
                text1                          01FBBE  000066  01FC24      FDDF       0  CODE    
                idataBANK0                     01FC24  000096  01FCBA     1FC24       0  CODE    
                text0                          01FCBA  000346  020000      FE5D       0  CODE    
                idloc                          200000  000010  200010    200000       0  IDLOC   
                config                         300000  00000C  30000C    300000       0  CONFIG  


UNUSED ADDRESS RANGES

        Name                Unused          Largest block    Delta
        BANK0            0000F6-0000FF                A
        BANK1            000100-0001FF              100
        BANK10           000A00-000AFF              100
        BANK11           000B00-000BFF              100
        BANK12           000C00-000CFF              100
        BANK13           000D00-000DFF              100
        BANK14           000E00-000E87               88
        BANK2            000200-0002FF              100
        BANK3            000300-0003FF              100
        BANK4            000400-0004FF              100
        BANK5            000500-0005FF              100
        BANK6            000600-0006FF              100
        BANK7            000700-0007FF              100
        BANK8            000800-0008FF              100
        BANK9            000900-0009FF              100
        BIGRAM           0000F6-000E87              D92
        CODE             000004-01FAB9            1FAB6
        CONST            000004-01FAB9            1FAB6
        EEDATA           310000-3103FF              400
        MEDIUMCONST      000F00-00FFFF             F100
                         010F00-01FAB9             EBBA
        RAM              0000F6-000E87              100
        SFR              000E8D-000FFF               73
        SMALLCONST       000F00-01FAB9              100
        STACK            0000F6-000E87              D92

                                  Symbol Table

?_adcNum0                cstackCOMRAM 000035
_ADCLK                   (abs)        000F57
_ADCON0                  (abs)        000F60
_ADCON0bits              (abs)        000F60
_ADPCH                   (abs)        000F5F
_ADRES                   (abs)        000F63
_ANSELB                  (abs)        000F19
_ANSELC                  (abs)        000F21
_F                       bssCOMRAM    000058
_LATCbits                (abs)        000F85
_OSCFRQ                  (abs)        000EDE
_PORTBbits               (abs)        000F8E
_PORTDbits               (abs)        000F90
_RC3PPS                  (abs)        000EFA
_RC5PPS                  (abs)        000EFC
_SSP1BUF                 (abs)        000F92
_SSP1CON1bits            (abs)        000F96
_SSP1STATbits            (abs)        000F95
_TRISAbits               (abs)        000F88
_TRISBbits               (abs)        000F89
_TRISCbits               (abs)        000F8A
_TRISDbits               (abs)        000F8B
__CFG_LVP$ON             (abs)        000000
__CFG_WDTE$OFF           (abs)        000000
__HRAM                   (abs)        000000
__Habs1                  abs1         000000
__Hbank0                 bank0        000000
__Hbank1                 bank1        000000
__Hbank10                bank10       000000
__Hbank11                bank11       000000
__Hbank12                bank12       000000
__Hbank13                bank13       000000
__Hbank14                bank14       000000
__Hbank2                 bank2        000000
__Hbank3                 bank3        000000
__Hbank4                 bank4        000000
__Hbank5                 bank5        000000
__Hbank6                 bank6        000000
__Hbank7                 bank7        000000
__Hbank8                 bank8        000000
__Hbank9                 bank9        000000
__Hbigbss                bigbss       000000
__Hbigdata               bigdata      000000
__Hbigram                bigram       000000
__Hbss                   bss          000000
__HbssCOMRAM             bssCOMRAM    000000
__Hcinit                 cinit        000000
__Hclrtext               clrtext      000000
__Hcomram                comram       000000
__Hconfig                config       30000C
__Hconst                 const        000000
__HcstackCOMRAM          cstackCOMRAM 000000
__Hdata                  data         000000
__HdataBANK0             dataBANK0    000000
__HdataCOMRAM            dataCOMRAM   000000
__Heeprom_data           eeprom_data  000000
__Hfarbss                farbss       000000
__Hfardata               fardata      000000
__Hibigdata              ibigdata     000000
__Hidata                 idata        000000
__HidataBANK0            idataBANK0   000000
__HidataCOMRAM           idataCOMRAM  000000
__Hidloc                 idloc        200010
__Hifardata              ifardata     000000
__Hinit                  init         000004
__Hintcode               intcode      000000
__Hintcode_body          intcode_body 000000
__Hintcodelo             intcodelo    000000
__Hintentry              intentry     000000
__Hintret                intret       000000
__Hintsave_regs          intsave_regs 000000
__Hirdata                irdata       000000
__Hmediumconst           mediumconst  000000
__HnvFARRAM              nvFARRAM     000000
__Hnvbit                 nvbit        000000
__Hnvrram                nvrram       000000
__Hparam                 rparam       000000
__Hpowerup               powerup      000000
__Hram                   ram          000000
__Hramtop                ramtop       000F00
__Hrbit                  rbit         000000
__Hrbss                  rbss         000000
__Hrdata                 rdata        000000
__Hreset_vec             reset_vec    000000
__Hrparam                rparam       000000
__Hsfr                   sfr          000000
__Hsmallconst            smallconst   000000
__Hspace_0               (abs)        30000C
__Hspace_1               (abs)        0000F6
__Hspace_2               (abs)        000000
__Hstack                 stack        000000
__Hstruct                struct       000000
__Htemp                  temp         000000
__Htext                  text         000000
__Htext0                 text0        000000
__Htext1                 text1        000000
__Htext2                 text2        000000
__Htext3                 text3        000000
__Htext4                 text4        000000
__LRAM                   (abs)        000001
__Labs1                  abs1         000000
__Lbank0                 bank0        000000
__Lbank1                 bank1        000000
__Lbank10                bank10       000000
__Lbank11                bank11       000000
__Lbank12                bank12       000000
__Lbank13                bank13       000000
__Lbank14                bank14       000000
__Lbank2                 bank2        000000
__Lbank3                 bank3        000000
__Lbank4                 bank4        000000
__Lbank5                 bank5        000000
__Lbank6                 bank6        000000
__Lbank7                 bank7        000000
__Lbank8                 bank8        000000
__Lbank9                 bank9        000000
__Lbigbss                bigbss       000000
__Lbigdata               bigdata      000000
__Lbigram                bigram       000000
__Lbss                   bss          000000
__LbssCOMRAM             bssCOMRAM    000000
__Lcinit                 cinit        000000
__Lclrtext               clrtext      000000
__Lcomram                comram       000000
__Lconfig                config       300000
__Lconst                 const        000000
__LcstackCOMRAM          cstackCOMRAM 000000
__Ldata                  data         000000
__LdataBANK0             dataBANK0    000000
__LdataCOMRAM            dataCOMRAM   000000
__Leeprom_data           eeprom_data  000000
__Lfarbss                farbss       000000
__Lfardata               fardata      000000
__Libigdata              ibigdata     000000
__Lidata                 idata        000000
__LidataBANK0            idataBANK0   000000
__LidataCOMRAM           idataCOMRAM  000000
__Lidloc                 idloc        200000
__Lifardata              ifardata     000000
__Linit                  init         000000
__Lintcode               intcode      000000
__Lintcode_body          intcode_body 000000
__Lintcodelo             intcodelo    000000
__Lintentry              intentry     000000
__Lintret                intret       000000
__Lintsave_regs          intsave_regs 000000
__Lirdata                irdata       000000
__Lmediumconst           mediumconst  000000
__LnvFARRAM              nvFARRAM     000000
__Lnvbit                 nvbit        000000
__Lnvrram                nvrram       000000
__Lparam                 rparam       000000
__Lpowerup               powerup      000000
__Lram                   ram          000000
__Lramtop                ramtop       000F00
__Lrbit                  rbit         000000
__Lrbss                  rbss         000000
__Lrdata                 rdata        000000
__Lreset_vec             reset_vec    000000
__Lrparam                rparam       000000
__Lsfr                   sfr          000000
__Lsmallconst            smallconst   000000
__Lspace_0               (abs)        000000
__Lspace_1               (abs)        000000
__Lspace_2               (abs)        000000
__Lstack                 stack        000000
__Lstruct                struct       000000
__Ltemp                  temp         000000
__Ltext                  text         000000
__Ltext0                 text0        000000
__Ltext1                 text1        000000
__Ltext2                 text2        000000
__Ltext3                 text3        000000
__Ltext4                 text4        000000
__S0                     (abs)        30000C
__S1                     (abs)        0000F6
__S2                     (abs)        000000
___inthi_sp              stack        000000
___intlo_sp              stack        000000
___param_bank            (abs)        000000
___rparam_used           (abs)        000001
___sp                    stack        000000
__accesstop              (abs)        000060
__activetblptr           (abs)        000000
__end_of__initialization cinit        01FBB8
__end_of_adcNum0         text4        01FB68
__end_of_adc_init        text3        01FAD0
__end_of_main            text0        020000
__end_of_spi_init        text2        01FAF0
__end_of_spi_write       text1        01FC24
__initialization         cinit        01FB68
__mediumconst            mediumconst  000000
__pbssCOMRAM             bssCOMRAM    000054
__pcinit                 cinit        01FB68
__pcstackCOMRAM          cstackCOMRAM 000035
__pdataBANK0             dataBANK0    000060
__pdataCOMRAM            dataCOMRAM   000001
__pidataBANK0            idataBANK0   01FC24
__pidataCOMRAM           idataCOMRAM  01FAF0
__ptext0                 text0        01FCBA
__ptext1                 text1        01FBBE
__ptext2                 text2        01FAD0
__ptext3                 text3        01FABA
__ptext4                 text4        01FB24
__ramtop                 ramtop       000F00
__size_of_adcNum0        (abs)        000000
__size_of_adc_init       (abs)        000000
__size_of_main           (abs)        000000
__size_of_spi_init       (abs)        000000
__size_of_spi_write      (abs)        000000
__smallconst             smallconst   000000
_adcNum0                 text4        01FB24
_adc_init                text3        01FABA
_main                    text0        01FCBA
_sawtooth                dataBANK0    000060
_sin                     dataCOMRAM   000001
_spi_init                text2        01FAD0
_spi_write               text1        01FBBE
_square                  dataBANK0    0000C4
_temp                    bssCOMRAM    000054
_triangle                dataBANK0    000092
_value0                  bssCOMRAM    00005C
_volt                    dataCOMRAM   000033
end_of_initialization    cinit        01FBB8
intlevel0                text         000000
intlevel1                text         000000
intlevel2                text         000000
intlevel3                text         000000
main@i                   cstackCOMRAM 000040
main@i_692               cstackCOMRAM 000042
main@i_695               cstackCOMRAM 000044
main@i_698               cstackCOMRAM 000046
main@outv                cstackCOMRAM 000050
main@outv_691            cstackCOMRAM 000051
main@outv_694            cstackCOMRAM 000052
main@outv_697            cstackCOMRAM 000053
main@x                   cstackCOMRAM 000048
main@x_690               cstackCOMRAM 00004A
main@x_693               cstackCOMRAM 00004C
main@x_696               cstackCOMRAM 00004E
spi_write@bound          cstackCOMRAM 000038
spi_write@data           cstackCOMRAM 000037
spi_write@full           cstackCOMRAM 000039
stackhi                  (abs)        000E87
stacklo                  (abs)        0000F6
start                    init         000000
start_initialization     cinit        01FB68


FUNCTION INFORMATION:

 *************** function _main *****************
 Defined at:
		line 201 in file "main.c"
 Parameters:    Size  Location     Type
		None
 Auto vars:     Size  Location     Type
  i               2   17[COMRAM] int 
  i               2   15[COMRAM] int 
  i               2   13[COMRAM] int 
  i               2   11[COMRAM] int 
  outv            1   30[COMRAM] volatile unsigned char 
  outv            1   29[COMRAM] volatile unsigned char 
  outv            1   28[COMRAM] volatile unsigned char 
  outv            1   27[COMRAM] volatile unsigned char 
  x               2   25[COMRAM] int 
  x               2   23[COMRAM] int 
  x               2   21[COMRAM] int 
  x               2   19[COMRAM] int 
 Return value:  Size  Location     Type
                  1    wreg      void 
 Registers used:
		wreg, fsr2l, fsr2h, status,2, status,0, cstack
 Tracked objects:
		On entry : 
		On exit  : 
		Unchanged: 
 Data sizes:     COMRAM   BANK0   BANK1   BANK2   BANK3   BANK4   BANK5   BANK6   BANK7   BANK8   BANK9  BANK10  BANK11  BANK12  BANK13  BANK14
      Params:         0       0       0       0       0       0       0       0       0       0       0       0       0       0       0       0
      Locals:        20       0       0       0       0       0       0       0       0       0       0       0       0       0       0       0
      Temps:          4       0       0       0       0       0       0       0       0       0       0       0       0       0       0       0
      Totals:        24       0       0       0       0       0       0       0       0       0       0       0       0       0       0       0
Total ram usage:       24 bytes
 Hardware stack levels required when called:    1
 This function calls:
		_adcNum0
		_adc_init
		_spi_init
		_spi_write
 This function is called by:
		Startup code after reset
 This function uses a non-reentrant model


 *************** function _spi_write *****************
 Defined at:
		line 176 in file "main.c"
 Parameters:    Size  Location     Type
  data            1    wreg     unsigned char 
 Auto vars:     Size  Location     Type
  data            1    2[COMRAM] unsigned char 
  full            2    4[COMRAM] unsigned short 
  bound           1    3[COMRAM] unsigned char 
 Return value:  Size  Location     Type
                  1    wreg      void 
 Registers used:
		wreg, status,2, status,0
 Tracked objects:
		On entry : 
		On exit  : 
		Unchanged: 
 Data sizes:     COMRAM   BANK0   BANK1   BANK2   BANK3   BANK4   BANK5   BANK6   BANK7   BANK8   BANK9  BANK10  BANK11  BANK12  BANK13  BANK14
      Params:         0       0       0       0       0       0       0       0       0       0       0       0       0       0       0       0
      Locals:         4       0       0       0       0       0       0       0       0       0       0       0       0       0       0       0
      Temps:          2       0       0       0       0       0       0       0       0       0       0       0       0       0       0       0
      Totals:         6       0       0       0       0       0       0       0       0       0       0       0       0       0       0       0
Total ram usage:        6 bytes
 Hardware stack levels used:    1
 This function calls:
		Nothing
 This function is called by:
		_main
 This function uses a non-reentrant model


 *************** function _spi_init *****************
 Defined at:
		line 154 in file "main.c"
 Parameters:    Size  Location     Type
		None
 Auto vars:     Size  Location     Type
		None
 Return value:  Size  Location     Type
                  1    wreg      void 
 Registers used:
		wreg, status,2
 Tracked objects:
		On entry : 
		On exit  : 
		Unchanged: 
 Data sizes:     COMRAM   BANK0   BANK1   BANK2   BANK3   BANK4   BANK5   BANK6   BANK7   BANK8   BANK9  BANK10  BANK11  BANK12  BANK13  BANK14
      Params:         0       0       0       0       0       0       0       0       0       0       0       0       0       0       0       0
      Locals:         0       0       0       0       0       0       0       0       0       0       0       0       0       0       0       0
      Temps:          0       0       0       0       0       0       0       0       0       0       0       0       0       0       0       0
      Totals:         0       0       0       0       0       0       0       0       0       0       0       0       0       0       0       0
Total ram usage:        0 bytes
 Hardware stack levels used:    1
 This function calls:
		Nothing
 This function is called by:
		_main
 This function uses a non-reentrant model


 *************** function _adc_init *****************
 Defined at:
		line 81 in file "main.c"
 Parameters:    Size  Location     Type
		None
 Auto vars:     Size  Location     Type
		None
 Return value:  Size  Location     Type
                  1    wreg      void 
 Registers used:
		wreg, status,2
 Tracked objects:
		On entry : 
		On exit  : 
		Unchanged: 
 Data sizes:     COMRAM   BANK0   BANK1   BANK2   BANK3   BANK4   BANK5   BANK6   BANK7   BANK8   BANK9  BANK10  BANK11  BANK12  BANK13  BANK14
      Params:         0       0       0       0       0       0       0       0       0       0       0       0       0       0       0       0
      Locals:         0       0       0       0       0       0       0       0       0       0       0       0       0       0       0       0
      Temps:          0       0       0       0       0       0       0       0       0       0       0       0       0       0       0       0
      Totals:         0       0       0       0       0       0       0       0       0       0       0       0       0       0       0       0
Total ram usage:        0 bytes
 Hardware stack levels used:    1
 This function calls:
		Nothing
 This function is called by:
		_main
 This function uses a non-reentrant model


 *************** function _adcNum0 *****************
 Defined at:
		line 99 in file "main.c"
 Parameters:    Size  Location     Type
		None
 Auto vars:     Size  Location     Type
		None
 Return value:  Size  Location     Type
                  4    0[COMRAM] unsigned long 
 Registers used:
		wreg, status,2, status,0
 Tracked objects:
		On entry : 
		On exit  : 
		Unchanged: 
 Data sizes:     COMRAM   BANK0   BANK1   BANK2   BANK3   BANK4   BANK5   BANK6   BANK7   BANK8   BANK9  BANK10  BANK11  BANK12  BANK13  BANK14
      Params:         4       0       0       0       0       0       0       0       0       0       0       0       0       0       0       0
      Locals:         0       0       0       0       0       0       0       0       0       0       0       0       0       0       0       0
      Temps:          3       0       0       0       0       0       0       0       0       0       0       0       0       0       0       0
      Totals:         7       0       0       0       0       0       0       0       0       0       0       0       0       0       0       0
Total ram usage:        7 bytes
 Hardware stack levels used:    1
 This function calls:
		Nothing
 This function is called by:
		_main
 This function uses a non-reentrant model



MODULE INFORMATION

Module		Function		Class		Link	Load	Size
shared
		__initialization		CODE           	1FB68	0000	81

shared estimated size: 81

main.c
		_main          		CODE           	1FCBA	0000	839
		_spi_write     		CODE           	1FBBE	0000	103
		_spi_init      		CODE           	1FAD0	0000	33
		_adc_init      		CODE           	1FABA	0000	23
		_adcNum0       		CODE           	1FB24	0000	69

main.c estimated size: 1067

